WARNING: All log messages before absl::InitializeLog() is called are written to STDERR
E0000 00:00:1790527033.000813  243860 descriptor_database.cc:633] File already exists in database: grpc/health/v1/health.proto
W0000 00:00:1790527033.000837  243860 message.cc:301] Protobuf GeneratedMessageFactory: File is already registered: grpc/health/v1/health.proto
2026-09-27T16:37:12Z [Info] [carb] Logging to file: /isaacsim/kit/logs/Kit/Isaac-Sim Python/6.0/kit_20260927_220712.log
[0.072s] [ext: omni.assets.plugins-0.0.0] startup
[0.072s] [ext: omni.blobkey-1.1.2] startup
[0.072s] [ext: omni.kit.async_engine-0.0.3] startup
[0.306s] [ext: omni.client.lib-1.1.1] startup
[0.314s] [ext: omni.client-1.3.0] startup
[0.367s] [ext: omni.protobuf.lib-1.0.0] startup
[0.368s] [ext: omni.grpc.lib-1.0.0] startup
[0.371s] [ext: omni.metrics.core-0.0.3] startup
[0.371s] [ext: omni.datastore-0.0.0] startup
[0.371s] [ext: omni.gpu_foundation.shadercache.vulkan-1.0.0] startup
[0.373s] [ext: omni.hsscclient-1.1.4] startup
[0.374s] [ext: omni.stats-1.0.1] startup
[0.374s] [ext: omni.ujitso.default-1.0.0] startup
[0.376s] [ext: omni.gpu_foundation-0.0.0] startup
[0.553s] [ext: carb.windowing.plugins-1.0.1] startup
[0.554s] [ext: omni.kit.renderer.init-1.0.1] startup
2026-09-27T16:37:13Z [782ms] [Warning] [omni.rtx] Skipping unsupported non-NVIDIA GPU: Intel(R) Graphics (RPL-S)
2026-09-27T16:37:13Z [782ms] [Warning] [omni.rtx] Skipping unsupported non-NVIDIA GPU: Intel(R) Graphics (RPL-S)

|---------------------------------------------------------------------------------------------|
| Driver Version: 595.91.07     | Graphics API: Vulkan
|=============================================================================================|
| GPU | Name                             | Active | LDA | GPU Memory | Vendor-ID | LUID       |
|     |                                  |        |     |            | Device-ID | UUID       |
|     |                                  |        |     |            | Bus-ID    |            |
|---------------------------------------------------------------------------------------------|
| 0   | NVIDIA GeForce RTX 4090          | Yes: 0 |     | 23274   MB | 10de      | 0          |
|     |                                  |        |     |            | 2684      | 91545e0b.. |
|     |                                  |        |     |            | 1         |            |
|---------------------------------------------------------------------------------------------|
| 1   | Intel(R) Graphics (RPL-S)        |        |     | 23880   MB | 8086      | 0          |
|     |                                  |        |     |            | a780      | 868080a7.. |
|     |                                  |        |     |            | 0         |            |
|=============================================================================================|
| OS: 24.04.5 LTS (Noble Numbat) ubuntu, Version: 24.04.5, Kernel: 7.0.0-31-generic
| XServer Vendor: The X.Org Foundation, XServer Version: 12101011 (1.21.1.11)
| Processor: 13th Gen Intel(R) Core(TM) i9-13900K
| Bare Metal Cores: 24 | Bare Metal Logical Cores: 48
| Available Cores:  32 
|---------------------------------------------------------------------------------------------|
| Total Memory (MB): 31840 | Free Memory: 25166
| Total Page/Swap (MB): 8191 | Free Page/Swap: 7525
|---------------------------------------------------------------------------------------------|
2026-09-27T16:37:13Z [957ms] [Warning] [omni.rtx] ECC is enabled on physical device 0
[1.074s] [ext: omni.kit.pipapi-0.0.0] startup
[1.075s] [ext: omni.kit.pip_archive-0.0.0] startup
[1.075s] [ext: isaacsim.pip.newton-0.6.1] startup
[1.075s] [ext: omni.pip.compute-1.9.2] startup
[1.075s] [ext: omni.isaac.core_archive-5.3.1] startup
[1.075s] [ext: omni.kit.telemetry-0.5.2] startup
[1.099s] [ext: omni.kit.loop-isaac-1.6.0] startup
[1.100s] [ext: omni.kit.test-2.0.7] startup
[1.146s] [ext: omni.materialx.libs-1.0.9] startup
[1.151s] [ext: omni.gpucompute.plugins-0.0.0] startup
[1.152s] [ext: omni.usd.config-1.0.7] startup
[1.154s] [ext: omni.usd.libs-1.0.3] startup
[1.212s] [ext: omni.iray.libs-0.0.1] startup
[1.215s] [ext: omni.mdl-57.0.3] startup
[1.259s] [ext: omni.mdl.neuraylib-0.2.20] startup
[1.260s] [ext: omni.kit.usd.mdl-1.1.9] startup
[1.334s] [ext: omni.appwindow-1.2.2] startup
[1.335s] [ext: omni.kit.renderer.core-1.2.2] startup
[2.270s] [ext: omni.kit.renderer.capture-2.0.1] startup
[2.272s] [ext: omni.kit.renderer.imgui-2.0.6] startup
[2.306s] [ext: omni.ui-3.2.0] startup
[2.313s] [ext: omni.kit.mainwindow-1.0.3] startup
[2.313s] [ext: carb.audio-0.1.0] startup
[2.315s] [ext: omni.uiaudio-1.0.0] startup
[2.316s] [ext: omni.kit.uiapp-0.0.0] startup
[2.316s] [ext: omni.usd.schema.metrics.assembler-110.1.0] startup
[2.318s] [ext: omni.usd.schema.audio-0.0.1] startup
[2.320s] [ext: omni.usd_resolver-1.0.0] startup
[2.322s] [ext: omni.usd.core-1.8.3] startup
[2.324s] [ext: omni.metropolis.schema-0.0.3] startup
[2.325s] [ext: isaacsim.anim.robot.schema-0.1.1] startup
[2.325s] [ext: omni.usd.schema.anim-0.0.1] startup
[2.338s] [ext: omni.usd.schema.geospatial-0.0.1] startup
[2.340s] [ext: omni.usd.schema.omnigraph-1.0.1] startup
[2.344s] [ext: omni.usd.schema.semantics-0.0.0] startup
[2.345s] [ext: omni.activity.core-1.0.3] startup
[2.346s] [ext: omni.cubric-0.1.0] startup
[2.346s] [ext: omni.graph.exec-0.9.6] startup
[2.347s] [ext: omni.hydra.scene_delegate-0.3.5] startup
[2.349s] [ext: usdrt.scenegraph-7.6.3] startup
[2.368s] [ext: omni.hydra.usdrt_delegate-7.5.2] startup
[2.372s] [ext: omni.inspect-1.0.2] startup
[2.373s] [ext: omni.kit.actions.core-1.0.0] startup
[2.374s] [ext: omni.kit.audiodeviceenum-1.0.2] startup
[2.375s] [ext: omni.kit.commands-1.5.0] startup
[2.377s] [ext: omni.kit.exec.core-0.13.5] startup
[2.378s] [ext: omni.kit.usd_undo-0.1.8] startup
[2.378s] [ext: omni.kit.window.popup_dialog-2.0.25] startup
[2.381s] [ext: omni.kit.widget.nucleus_connector-2.3.1] startup
[2.383s] [ext: omni.timeline-1.1.0] startup
[2.384s] [ext: omni.usd-1.16.0] startup
[2.414s] [ext: omni.graph.core-3.1.2] startup
[2.416s] [ext: omni.kit.notification_manager-1.0.11] startup
[2.417s] [ext: isaacsim.core.deprecation_manager-0.4.2] startup
[2.417s] [ext: isaacsim.replicator.agent.schema-0.1.1] startup
[2.418s] [ext: isaacsim.robot.schema-6.3.7] startup
[2.421s] [ext: isaacsim.robot_motion.schema-0.2.1] startup
[2.421s] [ext: omni.anim.behavior.schema-110.1.0] startup
[2.423s] [ext: omni.anim.graph.schema-110.1.1] startup
[2.427s] [ext: omni.anim.navigation.schema-110.1.0] startup
[2.429s] [ext: omni.behavior.tree.schema-110.1.0] startup
[2.430s] [ext: omni.isaac.ml_archive-3.3.0] startup
[2.430s] [ext: omni.kit.asset_converter-6.0.1] startup
[2.438s] [ext: omni.pip.cloud-1.5.4] startup
[2.441s] [ext: omni.usd.schema.flow-110.0.0] startup
[2.441s] [ext: omni.usd.schema.mujoco-1.1.1] startup
[2.441s] [ext: omni.usd.schema.newton-1.2.1] startup
[2.441s] [ext: omni.usd.schema.omni_lens_distortion-1.0.0] startup
[2.442s] [ext: omni.usd.schema.omni_projectors-1.0.0] startup
[2.442s] [ext: omni.usd.schema.omni_sensors-0.0.0] startup
[2.447s] [ext: omni.usd.schema.omniscripting-1.0.1] startup
[2.451s] [ext: omni.usd.schema.physical_lighting-0.1.0] startup
[2.453s] [ext: omni.usd.schema.physx-110.1.13] startup
[2.474s] [ext: omni.usd.schema.render_settings.rtx-1.0.2] startup
[2.477s] [ext: omni.usd.schema.usd_particle_field-1.0.0] startup
[2.477s] [ext: isaacsim.core.version-2.1.1] startup
[2.477s] [ext: omni.kit.menu.core-1.2.0] startup
[2.478s] [ext: omni.kit.menu.utils-2.2.4] startup
[2.483s] [ext: isaacsim.app.about-2.3.1] startup
[2.486s] [ext: isaacsim.asset.transformer-1.2.5] startup
[2.489s] [ext: omni.scene.optimizer.core-110.1.0] startup
[2.529s] [ext: isaacsim.asset.importer.utils-1.8.1] startup
[2.530s] [ext: omni.convexdecomposition-110.1.13] startup
[2.532s] [ext: omni.physics-110.1.13] startup
[2.534s] [ext: omni.physx.gpu-110.1.13] startup
[2.534s] [ext: omni.physx.foundation-110.1.13] startup
[2.535s] [ext: omni.usdphysics-110.1.13] startup
[2.536s] [ext: omni.physx.cooking-110.1.13] startup
[2.538s] [ext: omni.physx-110.1.13] startup
[2.545s] [ext: omni.physics.physx-110.1.13] startup
[2.546s] [ext: isaacsim.asset.exporter.urdf-2.0.5] startup
[2.552s] [ext: omni.kit.clipboard-1.1.1] startup
[2.553s] [ext: omni.kit.usd.layers-2.6.1] startup
[2.558s] [ext: omni.kit.widget.context_menu-1.4.0] startup
[2.559s] [ext: omni.kit.context_menu-1.9.0] startup
[2.560s] [ext: omni.kit.helper.file_utils-0.1.10] startup
[2.561s] [ext: omni.kit.widget.nucleus_info-2.0.2] startup
[2.562s] [ext: omni.kit.search_core-1.0.8] startup
[2.562s] [ext: omni.kit.widget.path_field-2.0.13] startup
[2.562s] [ext: omni.kit.widget.browser_bar-2.0.10] startup
[2.563s] [ext: omni.kit.widget.filebrowser-2.13.4] startup
[2.566s] [ext: omni.kit.widget.options_menu-1.1.6] startup
[2.568s] [ext: omni.kit.widget.options_button-1.0.3] startup
[2.569s] [ext: omni.kit.widget.search_delegate-1.0.9] startup
[2.569s] [ext: omni.ui.scene-2.0.3] startup
[2.573s] [ext: omni.kit.window.filepicker-2.15.5] startup
[2.582s] [ext: omni.kit.window.file_importer-1.1.21] startup
[2.584s] [ext: omni.kit.material.library-3.1.2] startup
[2.587s] [ext: isaacsim.asset.transformer.rules-1.7.10] startup
[2.595s] [ext: omni.usdex.libs-2.2.2] startup
[2.601s] [ext: isaacsim.asset.importer.mjcf-3.10.1] startup
[2.603s] [ext: isaacsim.asset.importer.urdf-3.11.2] startup
[2.606s] [ext: omni.kit.primitive.mesh-1.1.0] startup
[2.608s] [ext: omni.kit.stage_template.core-1.1.22] startup
[2.608s] [ext: omni.kit.stage_templates-2.0.2] startup
[2.609s] [ext: omni.usd.metrics.assembler-110.1.2] startup
[2.611s] [ext: omni.warp.core-1.13.0] startup
[2.778s] [ext: isaacsim.core.experimental.utils-0.17.2] startup
[2.779s] [ext: omni.physics.stageupdate-110.1.13] startup
[2.781s] [ext: omni.physics.tensors-110.1.13] startup
[2.784s] [ext: omni.physx.tensors-110.1.13] startup
[2.787s] [ext: isaacsim.core.simulation_manager-1.15.6] startup
[2.798s] [ext: isaacsim.storage.native-1.9.3] startup
[2.799s] [ext: omni.usd.metrics.assembler.physics-110.1.13] startup
[2.800s] [ext: isaacsim.core.utils-4.1.7] startup
[2.802s] [ext: isaacsim.core.prims-0.11.7] startup
[3.689s] [ext: isaacsim.core.api-5.2.13] startup
[3.695s] [ext: isaacsim.core.cloner-1.7.3] startup
[3.696s] [ext: isaacsim.test.docstring-1.3.2] startup
[3.699s] [ext: isaacsim.core.experimental.prims-1.8.9] startup
[3.719s] [ext: isaacsim.core.experimental.primdata-0.3.2] startup
[3.721s] [ext: omni.graph.tools-1.81.0] startup
[3.738s] [ext: omni.graph-1.142.5] startup
[3.769s] [ext: isaacsim.core.experimental.actuators-0.1.2] startup
[3.782s] [ext: isaacsim.core.experimental.materials-0.7.1] startup
[3.785s] [ext: isaacsim.core.experimental.objects-0.8.1] startup
[3.834s] [ext: omni.hydra.engine.stats-1.0.5] startup
[3.836s] [ext: omni.hydra.rtx.shadercache.vulkan-1.0.0] startup
[3.837s] [ext: omni.index.libs-387500.4413.0] startup
[3.837s] [ext: omni.index-1.0.1] startup
[3.837s] [ext: omni.ujitso.client-0.0.0] startup
[3.838s] [ext: omni.usd.schema.playback-1.0.0] startup
[3.840s] [ext: omni.volume-0.5.2] startup
[3.843s] [ext: omni.hydra.rtx-1.0.4] startup
2026-09-27T16:37:16Z [3,807ms] [Warning] [omni.log] Source: omni.hydra was already registered.
[3.866s] [ext: omni.kit.hydra_texture-1.6.0] startup
[3.869s] [ext: omni.kit.raycast.query-1.2.0] startup
[3.872s] [ext: omni.kit.viewport.legacy_gizmos-1.0.24] startup
[3.874s] [ext: omni.kit.viewport.registry-104.0.6] startup
[3.875s] [ext: omni.kit.viewport.scene_camera_model-1.0.7] startup
[3.878s] [ext: omni.kit.widget.viewport-109.2.0] startup
[3.881s] [ext: omni.kit.window.drop_support-1.0.8] startup
[3.882s] [ext: omni.kit.viewport.window-109.0.2] startup
[3.895s] [ext: omni.kit.viewport.utility-2.0.1] startup
[3.895s] [ext: isaacsim.core.rendering_manager-0.4.3] startup
[3.913s] [ext: omni.graph.action_core-1.1.9] startup
[3.914s] [ext: omni.graph.action_nodes_core-2.11.0] startup
[3.916s] [ext: omni.graph.action_nodes-2.11.0] startup
[3.939s] [ext: omni.graph.action-2.10.2] startup
[3.940s] [ext: omni.graph.image.core-0.6.1] startup
[3.941s] [ext: omni.graph.image.nodes-1.3.1] startup
[3.941s] [ext: omni.graph.nodes_core-2.11.0] startup
[3.946s] [ext: omni.graph.nodes-2.12.0] startup
[3.950s] [ext: omni.kit.hotkeys.core-1.3.12] startup
[3.951s] [ext: omni.kit.property.adapter.core-1.1.1] startup
[3.953s] [ext: omni.kit.property.adapter.usd-1.0.5] startup
[3.973s] [ext: omni.kit.widget.filter-1.1.5] startup
[3.973s] [ext: omni.kit.widget.highlight_label-1.0.3] startup
[3.974s] [ext: omni.kit.widget.searchfield-1.1.8] startup
[3.975s] [ext: omni.kit.window.file_exporter-1.0.36] startup
[3.976s] [ext: omni.kit.widget.stage-4.4.0] startup
[3.983s] [ext: omni.kit.window.content_browser_registry-0.0.6] startup
[3.984s] [ext: omni.kit.window.file-2.0.10] startup
[3.986s] [ext: omni.kit.window.content_browser-3.1.8] startup
[3.994s] [ext: omni.kit.window.property-1.15.1] startup
[4.003s] [ext: omni.kit.property.usd-4.9.4] startup
[4.011s] [ext: omni.graph.scriptnode-2.10.2] startup
[4.020s] [ext: omni.kit.widget.searchable_combobox-1.0.7] startup
[4.020s] [ext: omni.kit.widget.settings-2.0.0] startup
[4.022s] [ext: omni.kit.window.preferences-1.8.3] startup
[4.026s] [ext: omni.kit.viewport.menubar.core-107.2.2] startup
[4.035s] [ext: omni.syntheticdata-0.6.15] startup
[4.060s] [ext: omni.replicator.nv-1.1.1] startup
[4.065s] [ext: omni.videoencoding-0.2.1] startup
[4.066s] [ext: omni.replicator.core-1.13.27] startup
2026-09-27T16:37:16Z [4,026ms] [Warning] [pxr.Semantics] pxr.Semantics is deprecated - please use Semantics instead
2026-09-27T16:37:16Z [4,088ms] [Warning] [omni.replicator.core.scripts.extension] No material configuration file, adding configuration to material settings directly.
[4.256s] [ext: isaacsim.core.nodes-5.10.5] startup
[4.284s] [ext: isaacsim.core.throttling-2.3.5] startup
[4.286s] [ext: omni.kit.manipulator.viewport-107.0.1] startup
[4.287s] [ext: omni.graph.visualization.nodes-2.1.4] startup
[4.298s] [ext: omni.kit.window.extensions-1.5.10] startup
[4.303s] [ext: isaacsim.gui.components-1.8.5] startup
[4.306s] [ext: isaacsim.robot.surface_gripper-3.6.2] startup
[4.315s] [ext: isaacsim.robot.manipulators-3.4.4] startup
[4.324s] [ext: isaacsim.robot_motion.lula-4.1.3] startup
[4.330s] [ext: isaacsim.robot_motion.motion_generation-8.2.9] startup
[4.335s] [ext: isaacsim.cortex.framework-1.0.18] startup
[4.336s] [ext: isaacsim.cortex.behaviors-2.0.17] startup
[4.338s] [ext: isaacsim.examples.base-1.3.2] startup
[4.339s] [ext: omni.kit.widget.zoombar-1.0.7] startup
[4.340s] [ext: omni.kit.browser.core-2.3.18] startup
[4.343s] [ext: omni.kit.browser.folder.core-2.0.2] startup
[4.346s] [ext: omni.kit.widget.stage_icons-1.0.8] startup
[4.347s] [ext: omni.kit.window.stage-2.6.1] startup
[4.350s] [ext: omni.kit.menu.stage-1.2.7] startup
[4.351s] [ext: omni.kit.usd.collect-3.0.6] startup
[4.353s] [ext: omni.kit.widget.prompt-1.0.7] startup
[4.354s] [ext: omni.kit.tool.collect-2.2.19] startup
[4.356s] [ext: isaacsim.examples.browser-0.3.2] startup
[4.358s] [ext: omni.kit.search.files-1.0.4] startup
[4.359s] [ext: omni.kit.widget.calendar-1.0.9] startup
[4.360s] [ext: omni.kit.widget.extended_searchfield-1.0.31] startup
[4.366s] [ext: omni.simready.content.browser-0.3.7] startup
[4.452s] [ext: isaacsim.gui.content_browser-0.4.3] startup
[4.454s] [ext: omni.kit.selection-0.1.6] startup
[4.455s] [ext: isaacsim.gui.menu-2.10.5] startup
[4.462s] [ext: isaacsim.gui.property-1.6.4] startup
[4.467s] [ext: omni.kit.viewport.actions-110.0.0] startup
[4.471s] [ext: omni.kit.viewport.menubar.display-107.1.3] startup
[4.472s] [ext: isaacsim.gui.sensors.icon-2.2.1] startup
[4.474s] [ext: omni.behavior.scripting.core-110.1.0] startup
[4.477s] [ext: isaacsim.replicator.behavior-1.5.4] startup
[4.477s] [ext: isaacsim.replicator.experimental.domain_randomization-1.2.5] startup
[4.491s] [ext: isaacsim.replicator.domain_randomization-1.2.2] startup
[4.553s] [ext: isaacsim.replicator.writers-1.5.4] startup
[4.574s] [ext: isaacsim.robot.experimental.wheeled_robots-0.2.11] startup
[4.593s] [ext: isaacsim.robot.policy.examples-5.2.12] startup
[4.609s] [ext: isaacsim.robot.wheeled_robots-5.2.4] startup
[4.613s] [ext: isaacsim.robot.wheeled_robots.nodes-0.1.5] startup
[4.630s] [ext: isaacsim.robot_motion.experimental.motion_generation-6.1.3] startup
[4.639s] [ext: isaacsim.robot_motion.cumotion-1.3.1] startup
[4.650s] [ext: omni.kit.numpy.common-0.1.3] startup
[4.651s] [ext: isaacsim.sensors.camera-1.7.9] startup
[4.677s] [ext: isaacsim.sensors.experimental.physics-3.0.2] startup
[4.683s] [ext: omni.sensors.net-1.0.1] startup
[4.685s] [ext: omni.sensors.nv.common-3.0.0] startup
[4.694s] [ext: omni.sensors.nv.materials-2.0.0] startup
[4.697s] [ext: omni.sensors.nv.acoustic-3.0.0] startup
[4.699s] [ext: omni.sensors.nv.ids-2.0.1] startup
[4.700s] [ext: omni.sensors.nv.lidar-3.0.0] startup
[4.703s] [ext: omni.sensors.nv.radar-3.0.0] startup
[4.705s] [ext: isaacsim.sensors.experimental.rtx-1.4.6] startup
[4.907s] [ext: isaacsim.sensors.physics.nodes-1.5.3] startup
[4.913s] [ext: isaacsim.util.debug_draw-3.2.3] startup
[4.918s] [ext: isaacsim.sensors.physx-2.5.5] startup
[4.924s] [ext: isaacsim.sensors.rtx-15.17.1] startup
[4.933s] [ext: isaacsim.simulation_app-2.18.4] startup
[4.934s] [ext: omni.anim.curve.core-1.6.0] startup
[4.942s] [ext: omni.graph.ui_nodes-2.11.1] startup
[4.971s] [ext: omni.hydra.scene_api-0.1.3] startup
[4.974s] [ext: omni.kit.manipulator.camera-110.0.0] startup
[4.977s] [ext: omni.kit.manipulator.selector-1.1.4] startup
[4.978s] [ext: omni.kit.manipulator.transform-107.0.0] startup
[4.982s] [ext: omni.kit.widget.toolbar-2.1.0] startup
[4.986s] [ext: omni.kit.manipulator.tool.snap-1.5.14] startup
[4.989s] [ext: omni.kit.viewport.manipulator.transform-107.0.4] startup
[4.991s] [ext: omni.kit.manipulator.prim.core-108.0.2] startup
[4.996s] [ext: omni.kit.manipulator.prim.usd-107.0.3] startup
[4.997s] [ext: omni.kit.manipulator.prim-108.0.0] startup
[4.997s] [ext: omni.kit.manipulator.selection-109.0.1] startup
[4.998s] [ext: omni.kit.menu.create-2.0.2] startup
[4.999s] [ext: omni.kit.property.audio-1.0.16] startup
[5.002s] [ext: omni.kit.property.camera-1.0.14] startup
[5.003s] [ext: omni.kit.property.geometry-2.1.2] startup
[5.005s] [ext: omni.kit.property.light-1.0.14] startup
2026-09-27T16:37:17Z [4,979ms] [Warning] [omni.usd] Encountered USD Warnings but USD Diagnostics are currently muted. To view USD Warnings, please set the '/persistent/app/usd/muteUsdDiagnostics' setting to false in Preferences page.
[5.032s] [ext: omni.kit.property.material-1.14.6] startup
[5.036s] [ext: omni.kit.property.render-1.2.2] startup
[5.038s] [ext: omni.kit.property.transform-1.6.9] startup
[5.040s] [ext: omni.kit.property.bundle-1.5.1] startup
[5.041s] [ext: omni.kit.usdz_export-1.1.0] startup
[5.044s] [ext: omni.kit.tool.asset_importer-6.0.1] startup
[5.048s] [ext: omni.kit.ui.actions-1.0.5] startup
[5.049s] [ext: omni.kit.viewport.menubar.camera-107.0.10] startup
[5.053s] [ext: omni.kit.viewport.menubar.lighting-107.3.2] startup
[5.055s] [ext: omni.kit.viewport.menubar.render-110.0.0] startup
[5.057s] [ext: omni.kit.viewport.menubar.settings-110.0.1] startup
[5.060s] [ext: omni.kit.window.console-1.1.9] startup
[5.062s] [ext: omni.kit.window.status_bar-0.1.11] startup
[5.065s] [ext: omni.kit.window.toolbar-3.0.3] startup
[5.066s] [ext: omni.ocio-0.1.1] startup
[5.067s] [ext: omni.physx.commands-110.1.13] startup
[5.070s] [ext: omni.replicator.replicator_yaml-2.0.12] startup
[5.079s] [ext: omni.rtx.window.settings-0.8.0] startup
[5.082s] [ext: omni.rtx.settings.core-0.7.1] startup
[5.085s] [ext: omni.usd.metrics.assembler.ui-110.1.1] startup
[5.090s] [ext: semantics.schema.editor-2.0.2] startup
[5.092s] [ext: semantics.schema.property-2.0.2] startup
[5.093s] [ext: omni.kit.menu.common-2.0.2] startup
[5.094s] [ext: isaacsim.exp.base-6.0.1] startup
[5.095s] [ext: isaacsim.exp.base.python-6.0.1] startup
[5.096s] Simulation App Starting
[8.714s] Simulation App Startup Complete
[8.721s] app ready
[9.085s] [ext: isaacsim.sensors.rtx.nodes-0.1.2] startup
[9.093s] [ext: isaacsim.ros2.core-1.9.4] startup
[9.157s] Attempting to load system rclpy
[9.188s] rclpy loaded
[9.191s] [ext: isaacsim.ros2.nodes-1.18.13] startup
[9.229s] [ext: isaacsim.ros2.examples-1.2.4] startup
[9.233s] [ext: isaacsim.ros2.ui-1.6.5] startup
[9.439s] [ext: isaacsim.ros2.bridge-5.1.2] startup
2026-09-27T16:37:22Z [10,010ms] [Warning] [omni.physicsschema.plugin] Non-uniform scale may result in a non matching collision representation on prim: /World/obstacles/obs_3
2026-09-27T16:37:22Z [10,010ms] [Warning] [omni.physicsschema.plugin] Non-uniform scale may result in a non matching collision representation on prim: /World/obstacles/obs_7
2026-09-27T16:37:22Z [10,010ms] [Warning] [omni.physicsschema.plugin] Non-uniform scale may result in a non matching collision representation on prim: /World/obstacles/obs_11
2026-09-27T16:37:22Z [10,010ms] [Warning] [omni.physicsschema.plugin] Non-uniform scale may result in a non matching collision representation on prim: /World/rocks/rock_0
2026-09-27T16:37:22Z [10,010ms] [Warning] [omni.physicsschema.plugin] Non-uniform scale may result in a non matching collision representation on prim: /World/rocks/rock_1
2026-09-27T16:37:22Z [10,010ms] [Warning] [omni.physicsschema.plugin] Non-uniform scale may result in a non matching collision representation on prim: /World/rocks/rock_2
2026-09-27T16:37:22Z [10,010ms] [Warning] [omni.physicsschema.plugin] Non-uniform scale may result in a non matching collision representation on prim: /World/rocks/rock_3
2026-09-27T16:37:22Z [10,010ms] [Warning] [omni.physicsschema.plugin] Non-uniform scale may result in a non matching collision representation on prim: /World/rocks/rock_4
2026-09-27T16:37:22Z [10,010ms] [Warning] [omni.physicsschema.plugin] Non-uniform scale may result in a non matching collision representation on prim: /World/rocks/rock_5
2026-09-27T16:37:22Z [10,010ms] [Warning] [omni.physicsschema.plugin] Non-uniform scale may result in a non matching collision representation on prim: /World/rocks/rock_6
2026-09-27T16:37:22Z [10,010ms] [Warning] [omni.physicsschema.plugin] Non-uniform scale may result in a non matching collision representation on prim: /World/rocks/rock_7
2026-09-27T16:37:22Z [10,010ms] [Warning] [omni.physicsschema.plugin] Non-uniform scale may result in a non matching collision representation on prim: /World/rocks/rock_8
2026-09-27T16:37:22Z [10,010ms] [Warning] [omni.physicsschema.plugin] Non-uniform scale may result in a non matching collision representation on prim: /World/rocks/rock_9
2026-09-27T16:37:22Z [10,010ms] [Warning] [omni.physicsschema.plugin] Non-uniform scale may result in a non matching collision representation on prim: /World/rocks/rock_10
2026-09-27T16:37:22Z [10,011ms] [Warning] [omni.physicsschema.plugin] Non-uniform scale may result in a non matching collision representation on prim: /World/rocks/rock_11
2026-09-27T16:37:22Z [10,011ms] [Warning] [omni.physicsschema.plugin] Non-uniform scale may result in a non matching collision representation on prim: /World/rocks/rock_12
2026-09-27T16:37:22Z [10,011ms] [Warning] [omni.physicsschema.plugin] Non-uniform scale may result in a non matching collision representation on prim: /World/rocks/rock_13
2026-09-27T16:37:22Z [10,011ms] [Warning] [omni.physicsschema.plugin] Non-uniform scale may result in a non matching collision representation on prim: /World/rocks/rock_14
2026-09-27T16:37:22Z [10,011ms] [Warning] [omni.physicsschema.plugin] Non-uniform scale may result in a non matching collision representation on prim: /World/rocks/rock_15
2026-09-27T16:37:22Z [10,011ms] [Warning] [omni.physicsschema.plugin] Non-uniform scale may result in a non matching collision representation on prim: /World/rocks/rock_16
2026-09-27T16:37:22Z [10,011ms] [Warning] [omni.physicsschema.plugin] Non-uniform scale may result in a non matching collision representation on prim: /World/rocks/rock_17
2026-09-27T16:37:22Z [10,011ms] [Warning] [omni.physicsschema.plugin] Non-uniform scale may result in a non matching collision representation on prim: /World/rocks/rock_18
2026-09-27T16:37:22Z [10,011ms] [Warning] [omni.physicsschema.plugin] Non-uniform scale may result in a non matching collision representation on prim: /World/rocks/rock_19
2026-09-27T16:37:22Z [10,011ms] [Warning] [omni.physicsschema.plugin] Non-uniform scale may result in a non matching collision representation on prim: /World/rocks/rock_20
2026-09-27T16:37:22Z [10,011ms] [Warning] [omni.physicsschema.plugin] Non-uniform scale may result in a non matching collision representation on prim: /World/rocks/rock_21
2026-09-27T16:37:22Z [10,011ms] [Warning] [omni.physicsschema.plugin] Non-uniform scale may result in a non matching collision representation on prim: /World/rocks/rock_22
2026-09-27T16:37:22Z [10,011ms] [Warning] [omni.physicsschema.plugin] Non-uniform scale may result in a non matching collision representation on prim: /World/rocks/rock_23
2026-09-27T16:37:22Z [10,011ms] [Warning] [omni.physicsschema.plugin] Non-uniform scale may result in a non matching collision representation on prim: /World/rocks/rock_24
2026-09-27T16:37:22Z [10,011ms] [Warning] [omni.physicsschema.plugin] Non-uniform scale may result in a non matching collision representation on prim: /World/rocks/rock_25
2026-09-27T16:37:22Z [10,011ms] [Warning] [omni.physicsschema.plugin] Non-uniform scale may result in a non matching collision representation on prim: /World/rocks/rock_26
2026-09-27T16:37:22Z [10,011ms] [Warning] [omni.physicsschema.plugin] Non-uniform scale may result in a non matching collision representation on prim: /World/rocks/rock_27
2026-09-27T16:37:22Z [10,011ms] [Warning] [omni.physicsschema.plugin] Non-uniform scale may result in a non matching collision representation on prim: /World/rocks/rock_28
2026-09-27T16:37:22Z [10,011ms] [Warning] [omni.physicsschema.plugin] Non-uniform scale may result in a non matching collision representation on prim: /World/rocks/rock_29
2026-09-27T16:37:22Z [10,011ms] [Warning] [omni.physicsschema.plugin] Non-uniform scale may result in a non matching collision representation on prim: /World/rocks/rock_30
2026-09-27T16:37:22Z [10,011ms] [Warning] [omni.physicsschema.plugin] Non-uniform scale may result in a non matching collision representation on prim: /World/rocks/rock_31
2026-09-27T16:37:22Z [10,011ms] [Warning] [omni.physicsschema.plugin] Non-uniform scale may result in a non matching collision representation on prim: /World/rocks/rock_32
2026-09-27T16:37:22Z [10,011ms] [Warning] [omni.physicsschema.plugin] Non-uniform scale may result in a non matching collision representation on prim: /World/rocks/rock_33
2026-09-27T16:37:22Z [10,011ms] [Warning] [omni.physicsschema.plugin] Non-uniform scale may result in a non matching collision representation on prim: /World/rocks/rock_34
2026-09-27T16:37:22Z [10,011ms] [Warning] [omni.physicsschema.plugin] Non-uniform scale may result in a non matching collision representation on prim: /World/rocks/rock_35
2026-09-27T16:37:22Z [10,011ms] [Warning] [omni.physicsschema.plugin] Non-uniform scale may result in a non matching collision representation on prim: /World/rocks/rock_36
2026-09-27T16:37:22Z [10,011ms] [Warning] [omni.physicsschema.plugin] Non-uniform scale may result in a non matching collision representation on prim: /World/rocks/rock_37
2026-09-27T16:37:22Z [10,011ms] [Warning] [omni.physicsschema.plugin] Non-uniform scale may result in a non matching collision representation on prim: /World/rocks/rock_38
2026-09-27T16:37:22Z [10,011ms] [Warning] [omni.physicsschema.plugin] Non-uniform scale may result in a non matching collision representation on prim: /World/rocks/rock_39
2026-09-27T16:37:22Z [10,011ms] [Warning] [omni.physicsschema.plugin] Non-uniform scale may result in a non matching collision representation on prim: /World/rocks/rock_40
2026-09-27T16:37:22Z [10,011ms] [Warning] [omni.physicsschema.plugin] Non-uniform scale may result in a non matching collision representation on prim: /World/rocks/rock_41
2026-09-27T16:37:22Z [10,011ms] [Warning] [omni.physicsschema.plugin] Non-uniform scale may result in a non matching collision representation on prim: /World/rocks/rock_42
Starting kit application with the following args:  ['/isaacsim/exts/isaacsim.simulation_app/isaacsim/simulation_app/simulation_app.py', '/isaacsim/apps/isaacsim.exp.base.python.kit', '--/app/tokens/exe-path=/isaacsim/kit', '--/persistent/app/viewport/displayOptions=3094', '--/rtx/materialDb/syncLoads=True', '--/rtx/hydra/materialSyncLoads=True', '--/omni/kit/plugin/syncUsdLoads=True', '--/app/renderer/resolution/width=1280', '--/app/renderer/resolution/height=720', '--/app/window/width=1440', '--/app/window/height=900', '--/renderer/multiGpu/enabled=True', '--/app/fastShutdown=True', '--/app/installSignalHandlers=0', '--ext-folder', '/isaacsim/exts', '--ext-folder', '/isaacsim/apps', '--/physics/cudaDevice=0', '--/plugins/carb.tasking.plugin/threadCount=32', '--/plugins/omni.tbb.globalcontrol/maxThreadCount=32', '--portable', '--no-window', '--/app/window/hideUi=1']
Passing the following args to the base kit application:  ['--headless', '--record', '/home/qbotix-rover/sih_ws/mission_recordings/run_final', '--ffmpeg', '/home/qbotix-rover/sih_ws/.demoenv/lib/python3.12/site-packages/imageio_ffmpeg/binaries/ffmpeg-linux-x86_64-v7.0.2']
Warp 1.13.0 initialized:
   CUDA Toolkit 12.9, Driver 13.2
   Devices:
     "cpu"      : "x86_64"
     "cuda:0"   : "NVIDIA GeForce RTX 4090" (22 GiB, sm_89, mempool enabled)
   Kernel cache:
     /home/qbotix-rover/.cache/warp/1.13.0
Opening usd file at  /home/qbotix-rover/sih_ws/src/sih_isaac/usd/sih26126_world.usd  ...Done.
[sim] base=/World/sih_rover/Geometry/base_link
[sim] cam=/World/sih_rover/Geometry/base_link/camera_link/zed_camera
[sim] articulation root=/World/sih_rover/Geometry/base_link
[sim] lidar=/World/sih_rover/Geometry/base_link/rtx_lidar
[sim] dofs: ['wheel_fl_joint', 'wheel_fr_joint', 'wheel_rl_joint', 'wheel_rr_joint']
[sim] recording behind/side/top views -> /home/qbotix-rover/sih_ws/mission_recordings/run_final
[sim] running -- waiting for /cmd_vel
[sim] t=    0.1s cmd=(+0.00,+0.00) gt=( -62.00, +16.00) odom=( -62.00, +16.00)
2026-09-27T16:37:22Z [10,011ms] [Warning] [omni.physicsschema.plugin] Non-uniform scale may result in a non matching collision representation on prim: /World/rocks/rock_43
2026-09-27T16:37:22Z [10,011ms] [Warning] [omni.physicsschema.plugin] Non-uniform scale may result in a non matching collision representation on prim: /World/rocks/rock_44
2026-09-27T16:37:22Z [10,011ms] [Warning] [omni.physicsschema.plugin] Non-uniform scale may result in a non matching collision representation on prim: /World/rocks/rock_45
2026-09-27T16:37:22Z [10,011ms] [Warning] [omni.physicsschema.plugin] Non-uniform scale may result in a non matching collision representation on prim: /World/rocks/rock_46
2026-09-27T16:37:22Z [10,011ms] [Warning] [omni.physicsschema.plugin] Non-uniform scale may result in a non matching collision representation on prim: /World/rocks/rock_47
2026-09-27T16:37:22Z [10,011ms] [Warning] [omni.physicsschema.plugin] Non-uniform scale may result in a non matching collision representation on prim: /World/rocks/rock_48
2026-09-27T16:37:22Z [10,011ms] [Warning] [omni.physicsschema.plugin] Non-uniform scale may result in a non matching collision representation on prim: /World/rocks/rock_49
2026-09-27T16:37:22Z [10,011ms] [Warning] [omni.physicsschema.plugin] Non-uniform scale may result in a non matching collision representation on prim: /World/rocks/rock_50
2026-09-27T16:37:22Z [10,011ms] [Warning] [omni.physicsschema.plugin] Non-uniform scale may result in a non matching collision representation on prim: /World/rocks/rock_51
2026-09-27T16:37:22Z [10,011ms] [Warning] [omni.physicsschema.plugin] Non-uniform scale may result in a non matching collision representation on prim: /World/rocks/rock_52
2026-09-27T16:37:22Z [10,011ms] [Warning] [omni.physicsschema.plugin] Non-uniform scale may result in a non matching collision representation on prim: /World/rocks/rock_53
2026-09-27T16:37:22Z [10,011ms] [Warning] [omni.physicsschema.plugin] Non-uniform scale may result in a non matching collision representation on prim: /World/rocks/rock_54
2026-09-27T16:37:22Z [10,011ms] [Warning] [omni.physicsschema.plugin] Non-uniform scale may result in a non matching collision representation on prim: /World/rocks/rock_55
2026-09-27T16:37:22Z [10,011ms] [Warning] [omni.physicsschema.plugin] Non-uniform scale may result in a non matching collision representation on prim: /World/rocks/rock_56
2026-09-27T16:37:22Z [10,011ms] [Warning] [omni.physicsschema.plugin] Non-uniform scale may result in a non matching collision representation on prim: /World/rocks/rock_57
2026-09-27T16:37:22Z [10,011ms] [Warning] [omni.physicsschema.plugin] Non-uniform scale may result in a non matching collision representation on prim: /World/rocks/rock_58
2026-09-27T16:37:22Z [10,011ms] [Warning] [omni.physicsschema.plugin] Non-uniform scale may result in a non matching collision representation on prim: /World/rocks/rock_59
2026-09-27T16:37:23Z [10,575ms] [Warning] [isaacsim.ros2.core.impl.camera_info_utils] Forcing fy to fx (259.1152515719963 != 259.1152541925489) when computing CameraInfo, as renderer assumes square pixels.
2026-09-27T16:37:23Z [10,577ms] [Warning] [isaacsim.ros2.nodes] [ROS2 Publish Joint State] Reading from targetPrim is deprecated. Connect an Isaac Read Joint State node and use its outputs instead.
2026-09-27T16:37:23Z [10,582ms] [Warning] [isaacsim.ros2.nodes.ogn.python.nodes.OgnROS2RtxLidarHelper] fullScan is deprecated. RTX Lidar now always produces full scans via accumulateOutputs. This setting is ignored.
2026-09-27T16:37:23Z [10,701ms] [Warning] [rtx.rtxsensor.plugin] Multi-tick is enabled but motion BVH is not active. This is not supported.
2026-09-27T16:37:23Z [10,701ms] [Warning] [rtx.sensors.lidar.core.plugin] MotionBVH for lidar model not enabled. This will result in an incorrect point cloud without motion effects!
2026-09-27T16:37:23Z [10,708ms] [Warning] [omni.rtx] DLSS increasing input dimensions: Render resolution of (320, 180) is below minimal input resolution of 300.
2026-09-27T16:37:23Z [11,151ms] [Warning] [omni.syntheticdata.plugin] OgnSdPostRenderVarToHost : rendervar copy from texture directly to host buffer is counter-performant. Please use copy from texture to device buffer first.
2026-09-27T16:37:23Z [11,158ms] [Warning] [omni.timeline.plugin] Deprecated: direct use of ITimeline callbacks is deprecated. Use ITimeline::getTimeline (Python: omni.timeline.get_timeline_interface) instead.
2026-09-27T16:37:23Z [11,158ms] [Warning] [omni.syntheticdata.plugin] SdRenderVarPtr missing valid input renderVar LdrColorSDhost
[sim] t=    5.1s cmd=(+0.00,+0.00) gt=( -61.99, +16.00) odom=( -61.99, +16.00)
[sim] t=   10.1s cmd=(+0.00,+0.00) gt=( -61.99, +16.00) odom=( -61.98, +16.00)
[sim] t=   15.1s cmd=(+0.00,+0.00) gt=( -61.99, +16.00) odom=( -61.98, +16.00)
[sim] t=   20.1s cmd=(+0.16,-0.11) gt=( -61.93, +16.01) odom=( -61.93, +16.01)
[sim] t=   25.1s cmd=(+0.35,+0.02) gt=( -60.71, +15.89) odom=( -60.75, +15.64)
[sim] t=   30.1s cmd=(+0.21,+0.07) gt=( -59.43, +15.49) odom=( -59.53, +15.12)
[sim] t=   35.1s cmd=(+0.31,+0.03) gt=( -58.26, +15.13) odom=( -58.40, +14.65)
[sim] t=   40.1s cmd=(+0.31,+0.00) gt=( -56.71, +14.66) odom=( -56.90, +14.05)
[sim] t=   45.1s cmd=(+0.13,+0.12) gt=( -55.46, +14.29) odom=( -55.70, +13.58)
[sim] t=   50.1s cmd=(+0.35,+0.32) gt=( -54.25, +14.63) odom=( -54.59, +13.86)
[sim] t=   55.1s cmd=(+0.06,+0.06) gt=( -54.17, +15.92) odom=( -54.78, +15.28)
[sim] t=   60.1s cmd=(-0.09,-0.23) gt=( -53.79, +15.51) odom=( -54.47, +14.82)
[sim] t=   65.1s cmd=(+0.27,-0.15) gt=( -53.21, +16.14) odom=( -53.75, +15.02)
[sim] t=   70.1s cmd=(+0.21,+0.10) gt=( -52.35, +15.55) odom=( -52.96, +14.38)
[sim] t=   75.1s cmd=(+0.26,+0.15) gt=( -51.66, +15.12) odom=( -52.23, +14.26)
[sim] t=   80.1s cmd=(+0.23,-0.07) gt=( -50.63, +15.26) odom=( -51.27, +14.66)
[sim] t=   85.1s cmd=(+0.16,-0.05) gt=( -50.14, +15.33) odom=( -50.83, +14.78)
[sim] t=   90.1s cmd=(+0.29,+0.19) gt=( -49.09, +15.39) odom=( -49.79, +14.92)
[sim] t=   95.1s cmd=(+0.33,+0.12) gt=( -48.11, +15.76) odom=( -48.87, +15.42)
[sim] t=  100.1s cmd=(+0.07,-0.25) gt=( -47.35, +16.10) odom=( -48.32, +16.01)
[sim] t=  105.1s cmd=(+0.35,+0.27) gt=( -46.69, +16.65) odom=( -47.67, +16.57)
[sim] t=  110.1s cmd=(+0.36,-0.04) gt=( -45.80, +17.75) odom=( -47.08, +17.85)
[sim] t=  115.1s cmd=(+0.36,+0.04) gt=( -44.60, +19.19) odom=( -46.28, +19.55)
[sim] t=  120.1s cmd=(+0.28,-0.16) gt=( -43.74, +20.66) odom=( -46.11, +21.19)
[sim] t=  125.1s cmd=(-0.00,-0.00) gt=( -44.06, +21.43) odom=( -46.20, +21.52)
[sim] t=  130.1s cmd=(+0.41,+0.59) gt=( -44.06, +21.96) odom=( -46.05, +22.06)
[sim] t=  135.1s cmd=(-0.01,-0.02) gt=( -43.71, +22.07) odom=( -45.77, +22.17)
[sim] t=  140.1s cmd=(+0.13,-0.45) gt=( -44.46, +22.39) odom=( -46.65, +22.28)
[sim] t=  145.1s cmd=(+0.19,-0.62) gt=( -43.89, +23.53) odom=( -46.47, +23.39)
[sim] t=  150.1s cmd=(+0.11,+0.14) gt=( -43.82, +22.90) odom=( -46.10, +22.87)
[sim] t=  155.1s cmd=(+0.01,+0.42) gt=( -44.05, +22.37) odom=( -45.97, +22.46)
[sim] t=  160.1s cmd=(+0.19,+0.17) gt=( -43.41, +22.45) odom=( -45.38, +22.78)
[sim] t=  165.1s cmd=(+0.07,-0.22) gt=( -43.40, +22.69) odom=( -45.35, +22.87)
[sim] t=  170.1s cmd=(+0.12,+0.15) gt=( -43.82, +22.59) odom=( -45.74, +22.75)
[sim] t=  175.1s cmd=(+0.07,+0.16) gt=( -44.67, +22.62) odom=( -46.50, +22.70)
[sim] t=  180.1s cmd=(+0.19,-0.50) gt=( -45.28, +23.34) odom=( -47.26, +23.16)
[sim] t=  185.1s cmd=(-0.02,-0.12) gt=( -45.07, +24.40) odom=( -47.56, +24.06)
[sim] t=  190.1s cmd=(+0.33,+0.27) gt=( -44.25, +23.87) odom=( -46.55, +23.86)
[sim] t=  195.1s cmd=(+0.22,-0.09) gt=( -43.62, +24.12) odom=( -46.02, +24.23)
[sim] t=  200.1s cmd=(+0.12,-0.37) gt=( -43.24, +24.34) odom=( -45.71, +24.44)
[sim] t=  205.1s cmd=(+0.13,+0.19) gt=( -43.53, +24.56) odom=( -46.03, +24.54)
[sim] t=  210.1s cmd=(+0.00,+0.09) gt=( -43.30, +24.41) odom=( -45.73, +24.49)
[sim] t=  215.1s cmd=(-0.03,-0.21) gt=( -43.46, +24.64) odom=( -45.90, +24.49)
[sim] t=  220.1s cmd=(+0.18,+0.07) gt=( -43.61, +24.59) odom=( -46.03, +24.42)
[sim] t=  225.1s cmd=(+0.16,+0.09) gt=( -43.14, +24.40) odom=( -45.54, +24.39)
[sim] t=  230.1s cmd=(+0.16,-0.08) gt=( -42.84, +24.63) odom=( -45.30, +24.58)
[sim] t=  235.1s cmd=(+0.00,-0.09) gt=( -43.59, +25.22) odom=( -46.16, +24.45)
[sim] t=  240.1s cmd=(+0.16,+0.30) gt=( -42.88, +24.69) odom=( -45.28, +24.28)
[sim] t=  245.1s cmd=(+0.02,-0.18) gt=( -43.38, +24.35) odom=( -45.41, +23.67)
[sim] t=  250.1s cmd=(+0.00,-0.17) gt=( -44.29, +24.21) odom=( -45.96, +23.01)
[sim] t=  255.1s cmd=(+0.25,+0.01) gt=( -43.71, +24.23) odom=( -45.44, +23.26)
[sim] t=  260.1s cmd=(+0.30,-0.01) gt=( -42.40, +24.30) odom=( -44.24, +23.82)
[sim] t=  265.1s cmd=(+0.25,-0.02) gt=( -41.20, +24.37) odom=( -43.11, +24.35)
[sim] t=  270.1s cmd=(+0.24,-0.03) gt=( -40.11, +24.43) odom=( -42.07, +24.85)
[sim] t=  275.1s cmd=(+0.23,-0.04) gt=( -39.11, +24.48) odom=( -41.11, +25.30)
[sim] t=  280.1s cmd=(+0.20,-0.04) gt=( -38.24, +24.53) odom=( -40.29, +25.69)
[sim] t=  285.1s cmd=(+0.22,-0.04) gt=( -37.50, +24.56) odom=( -39.59, +26.03)
[sim] t=  290.1s cmd=(+0.21,-0.03) gt=( -36.88, +24.56) odom=( -39.00, +26.27)
[sim] t=  295.1s cmd=(+0.28,-0.04) gt=( -35.77, +24.57) odom=( -37.93, +26.70)
[sim] t=  300.1s cmd=(+0.29,-0.04) gt=( -34.46, +24.56) odom=( -36.69, +27.20)
[sim] t=  305.1s cmd=(+0.33,-0.04) gt=( -33.00, +24.54) odom=( -35.33, +27.77)
[sim] t=  310.1s cmd=(+0.31,-0.04) gt=( -31.41, +24.53) odom=( -33.87, +28.40)
[sim] t=  315.1s cmd=(+0.32,-0.03) gt=( -29.79, +24.52) odom=( -32.38, +29.06)
[sim] t=  320.1s cmd=(+0.33,-0.03) gt=( -28.19, +24.51) odom=( -30.93, +29.72)
[sim] t=  325.1s cmd=(+0.34,-0.02) gt=( -26.59, +24.49) odom=( -29.48, +30.40)
[sim] t=  330.1s cmd=(+0.32,-0.03) gt=( -24.92, +24.48) odom=( -27.97, +31.12)
[sim] t=  335.1s cmd=(+0.36,-0.07) gt=( -22.77, +24.46) odom=( -26.02, +32.05)
[sim] t=  340.1s cmd=(-0.04,+0.02) gt=( -22.81, +24.47) odom=( -26.08, +32.01)
[sim] t=  345.1s cmd=(-0.04,-0.03) gt=( -22.98, +24.46) odom=( -26.26, +31.90)
[sim] t=  350.1s cmd=(-0.05,-0.04) gt=( -22.92, +24.47) odom=( -26.24, +31.91)
[sim] t=  355.1s cmd=(-0.04,-0.04) gt=( -22.88, +24.47) odom=( -26.24, +31.91)
[sim] t=  360.1s cmd=(-0.00,-0.16) gt=( -22.79, +24.64) odom=( -26.21, +31.95)
[sim] t=  365.1s cmd=(+0.03,-0.02) gt=( -22.79, +24.66) odom=( -26.21, +31.95)
[sim] t=  370.1s cmd=(+0.03,-0.01) gt=( -22.79, +24.66) odom=( -26.21, +31.95)
[sim] t=  375.1s cmd=(+0.03,-0.01) gt=( -22.79, +24.66) odom=( -26.20, +31.95)
[sim] t=  380.1s cmd=(+0.04,-0.01) gt=( -22.79, +24.66) odom=( -26.20, +31.95)
[sim] t=  385.1s cmd=(+0.04,-0.01) gt=( -22.79, +24.66) odom=( -26.20, +31.95)
[sim] t=  390.1s cmd=(+0.04,-0.01) gt=( -22.79, +24.66) odom=( -26.20, +31.95)
[sim] t=  395.1s cmd=(+0.04,-0.01) gt=( -22.79, +24.66) odom=( -26.20, +31.95)
[sim] t=  400.1s cmd=(+0.02,-0.04) gt=( -22.79, +24.66) odom=( -26.20, +31.95)
[sim] t=  405.1s cmd=(+0.01,-0.04) gt=( -22.79, +24.66) odom=( -26.21, +31.95)
[sim] t=  410.1s cmd=(-0.03,-0.03) gt=( -22.79, +24.66) odom=( -26.21, +31.95)
[sim] t=  415.1s cmd=(+0.02,-0.01) gt=( -22.82, +24.67) odom=( -26.27, +31.94)
[sim] t=  420.1s cmd=(-0.05,-0.02) gt=( -22.79, +24.69) odom=( -26.25, +31.94)
[sim] t=  425.1s cmd=(-0.01,+0.02) gt=( -22.84, +24.71) odom=( -26.33, +31.93)
[sim] t=  430.1s cmd=(-0.02,+0.03) gt=( -22.84, +24.71) odom=( -26.36, +31.93)
[sim] t=  435.1s cmd=(+0.00,+0.01) gt=( -22.79, +24.69) odom=( -26.33, +31.93)
[sim] t=  440.1s cmd=(+0.00,+0.80) gt=( -22.99, +24.42) odom=( -26.60, +31.70)
[sim] t=  445.1s cmd=(-0.07,-0.07) gt=( -22.85, +24.43) odom=( -26.65, +31.77)
[sim] t=  450.1s cmd=(+0.61,-0.79) gt=( -22.05, +25.53) odom=( -26.11, +32.91)
[sim] t=  455.1s cmd=(-0.25,-0.41) gt=( -19.10, +23.77) odom=( -23.34, +31.08)
[sim] t=  460.1s cmd=(+0.34,-0.28) gt=( -16.74, +23.26) odom=( -21.13, +31.25)
[sim] t=  465.1s cmd=(-0.07,+0.21) gt=( -16.49, +23.42) odom=( -21.11, +31.50)
[sim] t=  470.1s cmd=(-0.09,+0.28) gt=( -16.47, +24.18) odom=( -21.62, +32.08)
[sim] t=  475.1s cmd=(+0.05,+0.09) gt=( -16.88, +24.13) odom=( -21.98, +31.83)
[sim] t=  480.1s cmd=(+0.16,-0.08) gt=( -16.23, +24.30) odom=( -21.73, +32.42)
[sim] t=  485.1s cmd=(+0.23,-0.16) gt=( -15.57, +24.13) odom=( -21.24, +32.87)
[sim] t=  490.1s cmd=(+0.18,+0.05) gt=( -15.16, +23.61) odom=( -20.64, +32.89)
[sim] t=  495.1s cmd=(+0.16,+0.18) gt=( -14.57, +23.10) odom=( -19.88, +32.86)
[sim] t=  500.1s cmd=(+0.22,-0.02) gt=( -13.90, +23.08) odom=( -19.42, +33.30)
[sim] t=  505.1s cmd=(+0.32,-0.02) gt=( -12.46, +23.07) odom=( -18.57, +34.46)
[sim] t=  510.1s cmd=(+0.33,-0.01) gt=( -10.79, +23.05) odom=( -17.59, +35.80)
[sim] t=  515.1s cmd=(+0.33,+0.00) gt=(  -9.18, +23.02) odom=( -16.65, +37.12)
[sim] t=  520.1s cmd=(+0.32,+0.02) gt=(  -7.58, +23.00) odom=( -15.71, +38.43)
[sim] t=  525.1s cmd=(+0.19,+0.11) gt=(  -6.13, +22.98) odom=( -14.91, +39.62)
[sim] t=  530.1s cmd=(+0.03,+0.45) gt=(  -5.68, +22.94) odom=( -14.78, +40.03)
[sim] t=  535.1s cmd=(+0.14,-0.24) gt=(  -6.01, +23.43) odom=( -15.31, +40.06)
[sim] t=  540.1s cmd=(+0.09,-0.12) gt=(  -5.86, +22.81) odom=( -14.78, +40.03)
[sim] t=  545.1s cmd=(+0.08,+0.31) gt=(  -5.71, +22.28) odom=( -14.33, +39.76)
[sim] t=  550.1s cmd=(+0.24,+0.22) gt=(  -5.32, +21.48) odom=( -13.53, +40.07)
[sim] t=  555.1s cmd=(+0.27,+0.01) gt=(  -4.50, +21.42) odom=( -13.33, +40.84)
[sim] t=  560.1s cmd=(+0.16,+0.09) gt=(  -3.38, +21.27) odom=( -13.12, +41.93)
[sim] t=  565.1s cmd=(+0.29,+0.28) gt=(  -2.48, +21.39) odom=( -13.49, +42.65)
[sim] t=  570.1s cmd=(+0.13,+1.00) gt=(  -2.09, +21.40) odom=( -13.70, +42.59)
[sim] t=  575.1s cmd=(-0.09,-0.03) gt=(  -1.48, +21.45) odom=( -13.93, +43.04)
[sim] t=  580.1s cmd=(+0.07,-0.65) gt=(  -2.00, +22.00) odom=( -13.94, +42.37)
[sim] t=  585.1s cmd=(+0.45,-0.27) gt=(  -0.33, +22.76) odom=( -15.03, +43.40)
[sim] t=  590.1s cmd=(-0.06,-0.07) gt=(  -0.04, +22.86) odom=( -14.98, +43.60)
[sim] t=  595.1s cmd=(-0.10,+0.26) gt=(  -0.04, +22.87) odom=( -14.98, +43.56)
[sim] t=  600.1s cmd=(+0.20,+0.13) gt=(  +0.73, +23.00) odom=( -15.12, +44.37)
[sim] t=  605.1s cmd=(+0.18,-0.07) gt=(  +1.38, +23.29) odom=( -15.64, +44.80)
[sim] t=  610.1s cmd=(+0.17,-0.12) gt=(  +1.82, +23.48) odom=( -15.97, +45.13)
[sim] t=  615.1s cmd=(+0.18,+0.01) gt=(  +2.36, +23.45) odom=( -16.04, +45.65)
[sim] t=  620.1s cmd=(+0.33,+0.01) gt=(  +3.65, +23.24) odom=( -16.07, +46.96)
[sim] t=  625.1s cmd=(+0.19,+0.09) gt=(  +4.92, +23.03) odom=( -16.08, +48.24)
[sim] t=  630.1s cmd=(+0.14,+0.27) gt=(  +5.18, +23.05) odom=( -16.30, +48.43)
[sim] t=  635.1s cmd=(+0.19,-0.31) gt=(  +5.33, +23.59) odom=( -16.85, +48.38)
[sim] t=  640.1s cmd=(+0.06,-0.07) gt=(  +4.90, +23.28) odom=( -16.57, +48.47)
[sim] t=  645.1s cmd=(-0.05,+0.47) gt=(  +4.57, +23.45) odom=( -16.74, +48.19)
[sim] t=  650.1s cmd=(+0.20,-0.03) gt=(  +3.64, +23.33) odom=( -16.46, +47.36)
[sim] t=  655.1s cmd=(+0.32,-0.09) gt=(  +4.77, +23.60) odom=( -17.17, +48.26)
[sim] t=  660.1s cmd=(+0.23,-0.08) gt=(  +5.85, +23.85) odom=( -17.83, +49.14)
[sim] t=  665.1s cmd=(+0.34,-0.27) gt=(  +6.90, +23.84) odom=( -18.27, +50.08)
[sim] t=  670.1s cmd=(+0.26,+0.03) gt=(  +7.77, +23.44) odom=( -18.16, +51.00)
[sim] t=  675.1s cmd=(+0.13,+0.30) gt=(  +8.56, +23.18) odom=( -18.01, +51.81)
[sim] t=  680.1s cmd=(-0.10,+0.04) gt=(  +9.04, +23.20) odom=( -17.86, +52.22)
[sim] t=  685.1s cmd=(+0.07,-0.75) gt=(  +9.40, +22.95) odom=( -17.88, +52.59)
[sim] t=  690.1s cmd=(+0.23,-0.12) gt=( +10.16, +23.10) odom=( -18.34, +53.25)
[sim] t=  695.1s cmd=(+0.35,+0.01) gt=( +11.48, +22.91) odom=( -18.33, +54.59)
[sim] t=  700.1s cmd=(+0.32,-0.02) gt=( +13.17, +22.67) odom=( -18.31, +56.30)
[sim] t=  705.1s cmd=(+0.32,+0.02) gt=( +14.86, +22.43) odom=( -18.28, +58.00)
[sim] t=  710.1s cmd=(+0.29,-0.02) gt=( +16.28, +22.21) odom=( -18.21, +59.43)
[sim] t=  715.1s cmd=(+0.30,+0.00) gt=( +17.75, +21.98) odom=( -18.13, +60.92)
[sim] t=  720.1s cmd=(+0.32,-0.04) gt=( +19.31, +21.73) odom=( -18.05, +62.50)
[sim] t=  725.1s cmd=(+0.36,-0.01) gt=( +20.88, +21.48) odom=( -17.96, +64.08)
[sim] t=  730.1s cmd=(+0.30,+0.04) gt=( +22.53, +21.22) odom=( -17.86, +65.74)
[sim] t=  735.1s cmd=(+0.29,+0.21) gt=( +24.02, +21.06) odom=( -17.79, +67.24)
[sim] t=  740.1s cmd=(+0.20,+0.22) gt=( +24.66, +21.03) odom=( -18.03, +67.73)
[sim] t=  745.1s cmd=(-0.05,+0.02) gt=( +24.79, +21.15) odom=( -18.26, +67.82)
[sim] t=  750.1s cmd=(+0.05,-1.01) gt=( +24.71, +21.00) odom=( -18.15, +67.81)
[sim] t=  755.1s cmd=(+0.01,-0.28) gt=( +24.59, +20.71) odom=( -17.97, +67.76)
[sim] t=  760.1s cmd=(+0.17,+0.10) gt=( +24.41, +20.48) odom=( -17.86, +67.60)
[sim] t=  765.1s cmd=(+0.17,+0.06) gt=( +25.05, +20.42) odom=( -18.07, +68.17)
[sim] t=  770.1s cmd=(+0.25,+0.15) gt=( +26.19, +20.34) odom=( -18.54, +69.21)
[sim] t=  775.1s cmd=(+0.13,+0.14) gt=( +26.99, +20.34) odom=( -19.12, +69.68)
[sim] t=  780.1s cmd=(+0.18,+0.03) gt=( +27.32, +20.80) odom=( -19.65, +69.53)
[sim] t=  785.1s cmd=(+0.27,-0.34) gt=( +27.57, +21.62) odom=( -20.36, +69.18)
[sim] t=  790.1s cmd=(+0.22,-0.15) gt=( +28.30, +21.83) odom=( -21.11, +69.48)
[sim] t=  795.1s cmd=(+0.26,+0.07) gt=( +29.26, +21.42) odom=( -21.51, +70.43)
[sim] t=  800.1s cmd=(+0.22,+0.04) gt=( +30.04, +21.08) odom=( -21.80, +71.21)
[sim] t=  805.1s cmd=(+0.14,+0.07) gt=( +30.79, +20.75) odom=( -22.09, +71.95)
[sim] t=  810.1s cmd=(+0.23,+0.06) gt=( +31.68, +20.38) odom=( -22.45, +72.83)
[sim] t=  815.1s cmd=(+0.27,+0.11) gt=( +32.84, +19.98) odom=( -23.01, +73.92)
[sim] t=  820.1s cmd=(+0.19,+0.10) gt=( +33.49, +19.85) odom=( -23.51, +74.35)
[sim] t=  825.1s cmd=(+0.24,+0.03) gt=( +34.07, +20.05) odom=( -24.10, +74.42)
[sim] t=  830.1s cmd=(+0.29,-0.08) gt=( +35.49, +20.70) odom=( -25.65, +74.52)
[sim] t=  835.1s cmd=(+0.30,-0.07) gt=( +36.68, +21.21) odom=( -26.93, +74.67)
[sim] t=  840.1s cmd=(+0.38,+0.04) gt=( +38.32, +21.89) odom=( -28.69, +74.93)
[sim] t=  845.1s cmd=(+0.38,-0.06) gt=( +40.20, +22.70) odom=( -30.73, +75.16)
[sim] t=  850.1s cmd=(+0.26,-0.03) gt=( +41.55, +23.30) odom=( -32.19, +75.30)
[sim] t=  855.1s cmd=(+0.25,+0.01) gt=( +42.83, +23.82) odom=( -33.56, +75.51)
[sim] t=  860.1s cmd=(+0.34,+0.02) gt=( +44.17, +24.34) odom=( -34.97, +75.79)
[sim] t=  865.1s cmd=(+0.14,-0.31) gt=( +45.22, +24.80) odom=( -36.06, +76.03)
[sim] t=  870.1s cmd=(-0.11,-0.24) gt=( +44.95, +25.13) odom=( -36.06, +75.72)
[sim] t=  875.1s cmd=(+0.09,+0.19) gt=( +44.99, +24.92) odom=( -35.88, +75.83)
[sim] t=  880.1s cmd=(+0.18,+0.24) gt=( +45.21, +24.27) odom=( -35.51, +76.37)
[sim] t=  885.1s cmd=(+0.02,+0.16) gt=( +44.36, +24.32) odom=( -35.19, +75.67)
[sim] t=  890.1s cmd=(+0.16,-0.14) gt=( +43.98, +24.36) odom=( -34.87, +75.51)
[sim] t=  895.1s cmd=(+0.18,-0.11) gt=( +44.69, +24.32) odom=( -35.37, +75.91)
[sim] t=  900.1s cmd=(+0.25,-0.09) gt=( +45.53, +24.22) odom=( -35.67, +76.70)
[sim] t=  905.1s cmd=(+0.27,-0.04) gt=( +46.70, +24.08) odom=( -36.07, +77.80)
[sim] t=  910.1s cmd=(+0.27,+0.19) gt=( +48.27, +23.98) odom=( -36.65, +79.28)
[sim] t=  915.1s cmd=(+0.16,+0.17) gt=( +48.97, +25.59) odom=( -38.15, +79.38)
[sim] t=  920.1s cmd=(+0.01,-0.06) gt=( +48.56, +26.52) odom=( -38.43, +78.40)
[sim] t=  925.1s cmd=(+0.01,-0.27) gt=( +48.17, +27.25) odom=( -38.47, +77.63)
[sim] t=  930.1s cmd=(+0.02,-0.22) gt=( +48.17, +26.73) odom=( -38.00, +77.67)
[sim] t=  935.1s cmd=(+0.03,+0.08) gt=( +48.07, +26.54) odom=( -37.81, +77.63)
[sim] t=  940.1s cmd=(+0.06,+0.28) gt=( +48.11, +26.65) odom=( -37.92, +77.62)
[sim] t=  945.1s cmd=(-0.02,+0.14) gt=( +48.02, +27.35) odom=( -38.43, +77.24)
[sim] t=  950.1s cmd=(-0.01,-0.42) gt=( +47.96, +27.26) odom=( -38.45, +77.32)
[sim] t=  955.1s cmd=(+0.00,+0.00) gt=( +49.56, +27.67) odom=( -40.30, +77.60)
[sim] t=  960.1s cmd=(+0.10,-0.09) gt=( +50.33, +27.60) odom=( -40.77, +77.62)
[sim] t=  965.1s cmd=(+0.27,-0.13) gt=( +50.97, +28.33) odom=( -41.60, +77.32)
[sim] t=  970.1s cmd=(+0.36,+0.02) gt=( +52.17, +29.26) odom=( -43.10, +77.53)
[sim] t=  975.1s cmd=(+0.37,+0.05) gt=( +53.74, +30.47) odom=( -45.06, +77.80)
[sim] t=  980.1s cmd=(+0.35,+0.02) gt=( +55.13, +31.55) odom=( -46.81, +78.03)
[sim] t=  985.1s cmd=(+0.35,+0.08) gt=( +56.49, +32.61) odom=( -48.52, +78.25)
