WARNING: All log messages before absl::InitializeLog() is called are written to STDERR
E0000 00:00:1790594687.043389   58309 descriptor_database.cc:633] File already exists in database: grpc/health/v1/health.proto
W0000 00:00:1790594687.043422   58309 message.cc:301] Protobuf GeneratedMessageFactory: File is already registered: grpc/health/v1/health.proto
2026-09-28T11:24:46Z [Info] [carb] Logging to file: /isaacsim/kit/logs/Kit/Isaac-Sim Python/6.0/kit_20260928_165446.log
[0.050s] [ext: omni.assets.plugins-0.0.0] startup
[0.051s] [ext: omni.blobkey-1.1.2] startup
[0.051s] [ext: omni.kit.async_engine-0.0.3] startup
[0.278s] [ext: omni.client.lib-1.1.1] startup
[0.286s] [ext: omni.client-1.3.0] startup
[0.340s] [ext: omni.protobuf.lib-1.0.0] startup
[0.343s] [ext: omni.grpc.lib-1.0.0] startup
[0.349s] [ext: omni.metrics.core-0.0.3] startup
[0.350s] [ext: omni.datastore-0.0.0] startup
[0.350s] [ext: omni.gpu_foundation.shadercache.vulkan-1.0.0] startup
[0.353s] [ext: omni.hsscclient-1.1.4] startup
[0.354s] [ext: omni.stats-1.0.1] startup
[0.355s] [ext: omni.ujitso.default-1.0.0] startup
[0.357s] [ext: omni.gpu_foundation-0.0.0] startup
[0.522s] [ext: carb.windowing.plugins-1.0.1] startup
[0.522s] [ext: omni.kit.renderer.init-1.0.1] startup
2026-09-28T11:24:47Z [789ms] [Warning] [omni.rtx] Skipping unsupported non-NVIDIA GPU: Intel(R) Graphics (RPL-S)
2026-09-28T11:24:47Z [789ms] [Warning] [omni.rtx] Skipping unsupported non-NVIDIA GPU: Intel(R) Graphics (RPL-S)

|---------------------------------------------------------------------------------------------|
| Driver Version: 595.91.07     | Graphics API: Vulkan
|=============================================================================================|
| GPU | Name                             | Active | LDA | GPU Memory | Vendor-ID | LUID       |
|     |                                  |        |     |            | Device-ID | UUID       |
|     |                                  |        |     |            | Bus-ID    |            |
|---------------------------------------------------------------------------------------------|
| 0   | NVIDIA GeForce RTX 4090          | Yes: 0 |     | 23274   MB | 10de      | 0          |
|     |                                  |        |     |            | 2684      | 91545e0b.. |
|     |                                  |        |     |            | 1         |            |
|---------------------------------------------------------------------------------------------|
| 1   | Intel(R) Graphics (RPL-S)        |        |     | 23880   MB | 8086      | 0          |
|     |                                  |        |     |            | a780      | 868080a7.. |
|     |                                  |        |     |            | 0         |            |
|=============================================================================================|
| OS: 24.04.5 LTS (Noble Numbat) ubuntu, Version: 24.04.5, Kernel: 7.0.0-31-generic
| XServer Vendor: The X.Org Foundation, XServer Version: 12101011 (1.21.1.11)
| Processor: 13th Gen Intel(R) Core(TM) i9-13900K
| Bare Metal Cores: 24 | Bare Metal Logical Cores: 48
| Available Cores:  32 
|---------------------------------------------------------------------------------------------|
| Total Memory (MB): 31840 | Free Memory: 21939
| Total Page/Swap (MB): 8191 | Free Page/Swap: 8191
|---------------------------------------------------------------------------------------------|
2026-09-28T11:24:47Z [956ms] [Warning] [omni.rtx] CPU performance profile is set to powersave. This profile sets the CPU to the lowest frequency reducing performance.
2026-09-28T11:24:47Z [963ms] [Warning] [omni.rtx] ECC is enabled on physical device 0
[1.050s] [ext: omni.kit.pipapi-0.0.0] startup
[1.051s] [ext: omni.kit.pip_archive-0.0.0] startup
[1.051s] [ext: isaacsim.pip.newton-0.6.1] startup
[1.051s] [ext: omni.pip.compute-1.9.2] startup
[1.051s] [ext: omni.isaac.core_archive-5.3.1] startup
[1.051s] [ext: omni.kit.telemetry-0.5.2] startup
[1.073s] [ext: omni.kit.loop-isaac-1.6.0] startup
[1.074s] [ext: omni.kit.test-2.0.7] startup
[1.119s] [ext: omni.materialx.libs-1.0.9] startup
[1.125s] [ext: omni.gpucompute.plugins-0.0.0] startup
[1.125s] [ext: omni.usd.config-1.0.7] startup
[1.127s] [ext: omni.usd.libs-1.0.3] startup
[1.182s] [ext: omni.iray.libs-0.0.1] startup
[1.185s] [ext: omni.mdl-57.0.3] startup
[1.228s] [ext: omni.mdl.neuraylib-0.2.20] startup
[1.230s] [ext: omni.kit.usd.mdl-1.1.9] startup
[1.302s] [ext: omni.appwindow-1.2.2] startup
[1.303s] [ext: omni.kit.renderer.core-1.2.2] startup
[2.308s] [ext: omni.kit.renderer.capture-2.0.1] startup
[2.309s] [ext: omni.kit.renderer.imgui-2.0.6] startup
[2.338s] [ext: omni.ui-3.2.0] startup
[2.345s] [ext: omni.kit.mainwindow-1.0.3] startup
[2.346s] [ext: carb.audio-0.1.0] startup
[2.348s] [ext: omni.uiaudio-1.0.0] startup
[2.349s] [ext: omni.kit.uiapp-0.0.0] startup
[2.349s] [ext: omni.usd.schema.metrics.assembler-110.1.0] startup
[2.351s] [ext: omni.usd.schema.audio-0.0.1] startup
[2.353s] [ext: omni.usd_resolver-1.0.0] startup
[2.355s] [ext: omni.usd.core-1.8.3] startup
[2.357s] [ext: omni.metropolis.schema-0.0.3] startup
[2.357s] [ext: isaacsim.anim.robot.schema-0.1.1] startup
[2.358s] [ext: omni.usd.schema.anim-0.0.1] startup
[2.371s] [ext: omni.usd.schema.geospatial-0.0.1] startup
[2.372s] [ext: omni.usd.schema.omnigraph-1.0.1] startup
[2.376s] [ext: omni.usd.schema.semantics-0.0.0] startup
[2.378s] [ext: omni.activity.core-1.0.3] startup
[2.379s] [ext: omni.cubric-0.1.0] startup
[2.379s] [ext: omni.graph.exec-0.9.6] startup
[2.379s] [ext: omni.hydra.scene_delegate-0.3.5] startup
[2.382s] [ext: usdrt.scenegraph-7.6.3] startup
[2.400s] [ext: omni.hydra.usdrt_delegate-7.5.2] startup
[2.404s] [ext: omni.inspect-1.0.2] startup
[2.405s] [ext: omni.kit.actions.core-1.0.0] startup
[2.406s] [ext: omni.kit.audiodeviceenum-1.0.2] startup
[2.407s] [ext: omni.kit.commands-1.5.0] startup
[2.409s] [ext: omni.kit.exec.core-0.13.5] startup
[2.410s] [ext: omni.kit.usd_undo-0.1.8] startup
[2.410s] [ext: omni.kit.window.popup_dialog-2.0.25] startup
[2.413s] [ext: omni.kit.widget.nucleus_connector-2.3.1] startup
[2.415s] [ext: omni.timeline-1.1.0] startup
[2.416s] [ext: omni.usd-1.16.0] startup
[2.445s] [ext: omni.graph.core-3.1.2] startup
[2.447s] [ext: omni.kit.notification_manager-1.0.11] startup
[2.448s] [ext: isaacsim.core.deprecation_manager-0.4.2] startup
[2.448s] [ext: isaacsim.replicator.agent.schema-0.1.1] startup
[2.449s] [ext: isaacsim.robot.schema-6.3.7] startup
[2.451s] [ext: isaacsim.robot_motion.schema-0.2.1] startup
[2.452s] [ext: omni.anim.behavior.schema-110.1.0] startup
[2.454s] [ext: omni.anim.graph.schema-110.1.1] startup
[2.458s] [ext: omni.anim.navigation.schema-110.1.0] startup
[2.460s] [ext: omni.behavior.tree.schema-110.1.0] startup
[2.461s] [ext: omni.isaac.ml_archive-3.3.0] startup
[2.461s] [ext: omni.kit.asset_converter-6.0.1] startup
[2.468s] [ext: omni.pip.cloud-1.5.4] startup
[2.471s] [ext: omni.usd.schema.flow-110.0.0] startup
[2.471s] [ext: omni.usd.schema.mujoco-1.1.1] startup
[2.471s] [ext: omni.usd.schema.newton-1.2.1] startup
[2.472s] [ext: omni.usd.schema.omni_lens_distortion-1.0.0] startup
[2.472s] [ext: omni.usd.schema.omni_projectors-1.0.0] startup
[2.472s] [ext: omni.usd.schema.omni_sensors-0.0.0] startup
[2.478s] [ext: omni.usd.schema.omniscripting-1.0.1] startup
[2.481s] [ext: omni.usd.schema.physical_lighting-0.1.0] startup
[2.483s] [ext: omni.usd.schema.physx-110.1.13] startup
[2.503s] [ext: omni.usd.schema.render_settings.rtx-1.0.2] startup
[2.506s] [ext: omni.usd.schema.usd_particle_field-1.0.0] startup
[2.506s] [ext: isaacsim.core.version-2.1.1] startup
[2.506s] [ext: omni.kit.menu.core-1.2.0] startup
[2.507s] [ext: omni.kit.menu.utils-2.2.4] startup
[2.512s] [ext: isaacsim.app.about-2.3.1] startup
[2.515s] [ext: isaacsim.asset.transformer-1.2.5] startup
[2.517s] [ext: omni.scene.optimizer.core-110.1.0] startup
[2.557s] [ext: isaacsim.asset.importer.utils-1.8.1] startup
[2.559s] [ext: omni.convexdecomposition-110.1.13] startup
[2.561s] [ext: omni.physics-110.1.13] startup
[2.563s] [ext: omni.physx.gpu-110.1.13] startup
[2.563s] [ext: omni.physx.foundation-110.1.13] startup
[2.564s] [ext: omni.usdphysics-110.1.13] startup
[2.565s] [ext: omni.physx.cooking-110.1.13] startup
[2.567s] [ext: omni.physx-110.1.13] startup
[2.573s] [ext: omni.physics.physx-110.1.13] startup
[2.575s] [ext: isaacsim.asset.exporter.urdf-2.0.5] startup
[2.581s] [ext: omni.kit.clipboard-1.1.1] startup
[2.581s] [ext: omni.kit.usd.layers-2.6.1] startup
[2.587s] [ext: omni.kit.widget.context_menu-1.4.0] startup
[2.588s] [ext: omni.kit.context_menu-1.9.0] startup
[2.589s] [ext: omni.kit.helper.file_utils-0.1.10] startup
[2.590s] [ext: omni.kit.widget.nucleus_info-2.0.2] startup
[2.590s] [ext: omni.kit.search_core-1.0.8] startup
[2.590s] [ext: omni.kit.widget.path_field-2.0.13] startup
[2.591s] [ext: omni.kit.widget.browser_bar-2.0.10] startup
[2.591s] [ext: omni.kit.widget.filebrowser-2.13.4] startup
[2.595s] [ext: omni.kit.widget.options_menu-1.1.6] startup
[2.597s] [ext: omni.kit.widget.options_button-1.0.3] startup
[2.597s] [ext: omni.kit.widget.search_delegate-1.0.9] startup
[2.598s] [ext: omni.ui.scene-2.0.3] startup
[2.601s] [ext: omni.kit.window.filepicker-2.15.5] startup
[2.610s] [ext: omni.kit.window.file_importer-1.1.21] startup
[2.611s] [ext: omni.kit.material.library-3.1.2] startup
[2.615s] [ext: isaacsim.asset.transformer.rules-1.7.10] startup
[2.623s] [ext: omni.usdex.libs-2.2.2] startup
[2.629s] [ext: isaacsim.asset.importer.mjcf-3.10.1] startup
[2.631s] [ext: isaacsim.asset.importer.urdf-3.11.2] startup
[2.634s] [ext: omni.kit.primitive.mesh-1.1.0] startup
[2.635s] [ext: omni.kit.stage_template.core-1.1.22] startup
[2.636s] [ext: omni.kit.stage_templates-2.0.2] startup
[2.637s] [ext: omni.usd.metrics.assembler-110.1.2] startup
[2.639s] [ext: omni.warp.core-1.13.0] startup
[2.804s] [ext: isaacsim.core.experimental.utils-0.17.2] startup
[2.805s] [ext: omni.physics.stageupdate-110.1.13] startup
[2.806s] [ext: omni.physics.tensors-110.1.13] startup
[2.809s] [ext: omni.physx.tensors-110.1.13] startup
[2.812s] [ext: isaacsim.core.simulation_manager-1.15.6] startup
[2.823s] [ext: isaacsim.storage.native-1.9.3] startup
[2.824s] [ext: omni.usd.metrics.assembler.physics-110.1.13] startup
[2.825s] [ext: isaacsim.core.utils-4.1.7] startup
[2.827s] [ext: isaacsim.core.prims-0.11.7] startup
[3.711s] [ext: isaacsim.core.api-5.2.13] startup
[3.716s] [ext: isaacsim.core.cloner-1.7.3] startup
[3.717s] [ext: isaacsim.test.docstring-1.3.2] startup
[3.721s] [ext: isaacsim.core.experimental.prims-1.8.9] startup
[3.741s] [ext: isaacsim.core.experimental.primdata-0.3.2] startup
[3.742s] [ext: omni.graph.tools-1.81.0] startup
[3.760s] [ext: omni.graph-1.142.5] startup
[3.790s] [ext: isaacsim.core.experimental.actuators-0.1.2] startup
[3.804s] [ext: isaacsim.core.experimental.materials-0.7.1] startup
[3.806s] [ext: isaacsim.core.experimental.objects-0.8.1] startup
[3.858s] [ext: omni.hydra.engine.stats-1.0.5] startup
[3.860s] [ext: omni.hydra.rtx.shadercache.vulkan-1.0.0] startup
[3.861s] [ext: omni.index.libs-387500.4413.0] startup
[3.861s] [ext: omni.index-1.0.1] startup
[3.861s] [ext: omni.ujitso.client-0.0.0] startup
[3.861s] [ext: omni.usd.schema.playback-1.0.0] startup
[3.864s] [ext: omni.volume-0.5.2] startup
[3.867s] [ext: omni.hydra.rtx-1.0.4] startup
2026-09-28T11:24:50Z [3,853ms] [Warning] [omni.log] Source: omni.hydra was already registered.
[3.889s] [ext: omni.kit.hydra_texture-1.6.0] startup
[3.892s] [ext: omni.kit.raycast.query-1.2.0] startup
[3.896s] [ext: omni.kit.viewport.legacy_gizmos-1.0.24] startup
[3.898s] [ext: omni.kit.viewport.registry-104.0.6] startup
[3.898s] [ext: omni.kit.viewport.scene_camera_model-1.0.7] startup
[3.901s] [ext: omni.kit.widget.viewport-109.2.0] startup
[3.905s] [ext: omni.kit.window.drop_support-1.0.8] startup
[3.905s] [ext: omni.kit.viewport.window-109.0.2] startup
[3.918s] [ext: omni.kit.viewport.utility-2.0.1] startup
[3.919s] [ext: isaacsim.core.rendering_manager-0.4.3] startup
[3.937s] [ext: omni.graph.action_core-1.1.9] startup
[3.938s] [ext: omni.graph.action_nodes_core-2.11.0] startup
[3.940s] [ext: omni.graph.action_nodes-2.11.0] startup
[3.963s] [ext: omni.graph.action-2.10.2] startup
[3.964s] [ext: omni.graph.image.core-0.6.1] startup
[3.965s] [ext: omni.graph.image.nodes-1.3.1] startup
[3.965s] [ext: omni.graph.nodes_core-2.11.0] startup
[3.969s] [ext: omni.graph.nodes-2.12.0] startup
[3.974s] [ext: omni.kit.hotkeys.core-1.3.12] startup
[3.975s] [ext: omni.kit.property.adapter.core-1.1.1] startup
[3.976s] [ext: omni.kit.property.adapter.usd-1.0.5] startup
[3.988s] [ext: omni.kit.widget.filter-1.1.5] startup
[3.988s] [ext: omni.kit.widget.highlight_label-1.0.3] startup
[3.989s] [ext: omni.kit.widget.searchfield-1.1.8] startup
[3.990s] [ext: omni.kit.window.file_exporter-1.0.36] startup
[3.991s] [ext: omni.kit.widget.stage-4.4.0] startup
[3.998s] [ext: omni.kit.window.content_browser_registry-0.0.6] startup
[3.998s] [ext: omni.kit.window.file-2.0.10] startup
[4.001s] [ext: omni.kit.window.content_browser-3.1.8] startup
[4.009s] [ext: omni.kit.window.property-1.15.1] startup
[4.018s] [ext: omni.kit.property.usd-4.9.4] startup
[4.026s] [ext: omni.graph.scriptnode-2.10.2] startup
[4.034s] [ext: omni.kit.widget.searchable_combobox-1.0.7] startup
[4.035s] [ext: omni.kit.widget.settings-2.0.0] startup
[4.036s] [ext: omni.kit.window.preferences-1.8.3] startup
[4.040s] [ext: omni.kit.viewport.menubar.core-107.2.2] startup
[4.049s] [ext: omni.syntheticdata-0.6.15] startup
[4.073s] [ext: omni.replicator.nv-1.1.1] startup
[4.078s] [ext: omni.videoencoding-0.2.1] startup
[4.080s] [ext: omni.replicator.core-1.13.27] startup
2026-09-28T11:24:50Z [4,062ms] [Warning] [pxr.Semantics] pxr.Semantics is deprecated - please use Semantics instead
2026-09-28T11:24:50Z [4,121ms] [Warning] [omni.replicator.core.scripts.extension] No material configuration file, adding configuration to material settings directly.
[4.288s] [ext: isaacsim.core.nodes-5.10.5] startup
[4.314s] [ext: isaacsim.core.throttling-2.3.5] startup
[4.315s] [ext: omni.kit.manipulator.viewport-107.0.1] startup
[4.316s] [ext: omni.graph.visualization.nodes-2.1.4] startup
[4.328s] [ext: omni.kit.window.extensions-1.5.10] startup
[4.332s] [ext: isaacsim.gui.components-1.8.5] startup
[4.336s] [ext: isaacsim.robot.surface_gripper-3.6.2] startup
[4.345s] [ext: isaacsim.robot.manipulators-3.4.4] startup
[4.354s] [ext: isaacsim.robot_motion.lula-4.1.3] startup
[4.359s] [ext: isaacsim.robot_motion.motion_generation-8.2.9] startup
[4.364s] [ext: isaacsim.cortex.framework-1.0.18] startup
[4.365s] [ext: isaacsim.cortex.behaviors-2.0.17] startup
[4.367s] [ext: isaacsim.examples.base-1.3.2] startup
[4.368s] [ext: omni.kit.widget.zoombar-1.0.7] startup
[4.369s] [ext: omni.kit.browser.core-2.3.18] startup
[4.372s] [ext: omni.kit.browser.folder.core-2.0.2] startup
[4.376s] [ext: omni.kit.widget.stage_icons-1.0.8] startup
[4.377s] [ext: omni.kit.window.stage-2.6.1] startup
[4.379s] [ext: omni.kit.menu.stage-1.2.7] startup
[4.381s] [ext: omni.kit.usd.collect-3.0.6] startup
[4.383s] [ext: omni.kit.widget.prompt-1.0.7] startup
[4.384s] [ext: omni.kit.tool.collect-2.2.19] startup
[4.385s] [ext: isaacsim.examples.browser-0.3.2] startup
[4.387s] [ext: omni.kit.search.files-1.0.4] startup
[4.388s] [ext: omni.kit.widget.calendar-1.0.9] startup
[4.389s] [ext: omni.kit.widget.extended_searchfield-1.0.31] startup
[4.396s] [ext: omni.simready.content.browser-0.3.7] startup
[4.483s] [ext: isaacsim.gui.content_browser-0.4.3] startup
[4.485s] [ext: omni.kit.selection-0.1.6] startup
[4.486s] [ext: isaacsim.gui.menu-2.10.5] startup
[4.493s] [ext: isaacsim.gui.property-1.6.4] startup
[4.498s] [ext: omni.kit.viewport.actions-110.0.0] startup
[4.502s] [ext: omni.kit.viewport.menubar.display-107.1.3] startup
[4.503s] [ext: isaacsim.gui.sensors.icon-2.2.1] startup
[4.506s] [ext: omni.behavior.scripting.core-110.1.0] startup
[4.508s] [ext: isaacsim.replicator.behavior-1.5.4] startup
[4.509s] [ext: isaacsim.replicator.experimental.domain_randomization-1.2.5] startup
[4.522s] [ext: isaacsim.replicator.domain_randomization-1.2.2] startup
[4.584s] [ext: isaacsim.replicator.writers-1.5.4] startup
[4.605s] [ext: isaacsim.robot.experimental.wheeled_robots-0.2.11] startup
[4.623s] [ext: isaacsim.robot.policy.examples-5.2.12] startup
[4.640s] [ext: isaacsim.robot.wheeled_robots-5.2.4] startup
[4.643s] [ext: isaacsim.robot.wheeled_robots.nodes-0.1.5] startup
[4.659s] [ext: isaacsim.robot_motion.experimental.motion_generation-6.1.3] startup
[4.668s] [ext: isaacsim.robot_motion.cumotion-1.3.1] startup
[4.679s] [ext: omni.kit.numpy.common-0.1.3] startup
[4.681s] [ext: isaacsim.sensors.camera-1.7.9] startup
[4.706s] [ext: isaacsim.sensors.experimental.physics-3.0.2] startup
[4.712s] [ext: omni.sensors.net-1.0.1] startup
[4.714s] [ext: omni.sensors.nv.common-3.0.0] startup
[4.723s] [ext: omni.sensors.nv.materials-2.0.0] startup
[4.725s] [ext: omni.sensors.nv.acoustic-3.0.0] startup
[4.727s] [ext: omni.sensors.nv.ids-2.0.1] startup
[4.728s] [ext: omni.sensors.nv.lidar-3.0.0] startup
[4.731s] [ext: omni.sensors.nv.radar-3.0.0] startup
[4.733s] [ext: isaacsim.sensors.experimental.rtx-1.4.6] startup
[4.934s] [ext: isaacsim.sensors.physics.nodes-1.5.3] startup
[4.941s] [ext: isaacsim.util.debug_draw-3.2.3] startup
[4.945s] [ext: isaacsim.sensors.physx-2.5.5] startup
[4.952s] [ext: isaacsim.sensors.rtx-15.17.1] startup
[4.961s] [ext: isaacsim.simulation_app-2.18.4] startup
[4.961s] [ext: omni.anim.curve.core-1.6.0] startup
[4.969s] [ext: omni.graph.ui_nodes-2.11.1] startup
[4.999s] [ext: omni.hydra.scene_api-0.1.3] startup
[5.003s] [ext: omni.kit.manipulator.camera-110.0.0] startup
[5.006s] [ext: omni.kit.manipulator.selector-1.1.4] startup
[5.007s] [ext: omni.kit.manipulator.transform-107.0.0] startup
[5.011s] [ext: omni.kit.widget.toolbar-2.1.0] startup
[5.016s] [ext: omni.kit.manipulator.tool.snap-1.5.14] startup
[5.019s] [ext: omni.kit.viewport.manipulator.transform-107.0.4] startup
[5.021s] [ext: omni.kit.manipulator.prim.core-108.0.2] startup
[5.025s] [ext: omni.kit.manipulator.prim.usd-107.0.3] startup
[5.026s] [ext: omni.kit.manipulator.prim-108.0.0] startup
[5.026s] [ext: omni.kit.manipulator.selection-109.0.1] startup
[5.027s] [ext: omni.kit.menu.create-2.0.2] startup
[5.029s] [ext: omni.kit.property.audio-1.0.16] startup
[5.031s] [ext: omni.kit.property.camera-1.0.14] startup
[5.032s] [ext: omni.kit.property.geometry-2.1.2] startup
[5.035s] [ext: omni.kit.property.light-1.0.14] startup
2026-09-28T11:24:51Z [5,031ms] [Warning] [omni.usd] Encountered USD Warnings but USD Diagnostics are currently muted. To view USD Warnings, please set the '/persistent/app/usd/muteUsdDiagnostics' setting to false in Preferences page.
[5.063s] [ext: omni.kit.property.material-1.14.6] startup
[5.068s] [ext: omni.kit.property.render-1.2.2] startup
[5.069s] [ext: omni.kit.property.transform-1.6.9] startup
[5.072s] [ext: omni.kit.property.bundle-1.5.1] startup
[5.073s] [ext: omni.kit.usdz_export-1.1.0] startup
[5.075s] [ext: omni.kit.tool.asset_importer-6.0.1] startup
[5.079s] [ext: omni.kit.ui.actions-1.0.5] startup
[5.081s] [ext: omni.kit.viewport.menubar.camera-107.0.10] startup
[5.084s] [ext: omni.kit.viewport.menubar.lighting-107.3.2] startup
[5.086s] [ext: omni.kit.viewport.menubar.render-110.0.0] startup
[5.088s] [ext: omni.kit.viewport.menubar.settings-110.0.1] startup
[5.091s] [ext: omni.kit.window.console-1.1.9] startup
[5.094s] [ext: omni.kit.window.status_bar-0.1.11] startup
[5.096s] [ext: omni.kit.window.toolbar-3.0.3] startup
[5.098s] [ext: omni.ocio-0.1.1] startup
[5.099s] [ext: omni.physx.commands-110.1.13] startup
[5.101s] [ext: omni.replicator.replicator_yaml-2.0.12] startup
[5.110s] [ext: omni.rtx.window.settings-0.8.0] startup
[5.114s] [ext: omni.rtx.settings.core-0.7.1] startup
[5.116s] [ext: omni.usd.metrics.assembler.ui-110.1.1] startup
[5.122s] [ext: semantics.schema.editor-2.0.2] startup
[5.124s] [ext: semantics.schema.property-2.0.2] startup
[5.125s] [ext: omni.kit.menu.common-2.0.2] startup
[5.126s] [ext: isaacsim.exp.base-6.0.1] startup
[5.126s] [ext: isaacsim.exp.base.python-6.0.1] startup
[5.127s] Simulation App Starting
[8.470s] Simulation App Startup Complete
[8.486s] app ready
[8.843s] [ext: isaacsim.sensors.rtx.nodes-0.1.2] startup
[8.852s] [ext: isaacsim.ros2.core-1.9.4] startup
[8.935s] Attempting to load system rclpy
[8.966s] rclpy loaded
[8.968s] [ext: isaacsim.ros2.nodes-1.18.13] startup
[9.010s] [ext: isaacsim.ros2.examples-1.2.4] startup
[9.015s] [ext: isaacsim.ros2.ui-1.6.5] startup
[9.221s] [ext: isaacsim.ros2.bridge-5.1.2] startup
2026-09-28T11:24:56Z [9,857ms] [Warning] [omni.physicsschema.plugin] Non-uniform scale may result in a non matching collision representation on prim: /World/obstacles/obs_3
2026-09-28T11:24:56Z [9,857ms] [Warning] [omni.physicsschema.plugin] Non-uniform scale may result in a non matching collision representation on prim: /World/obstacles/obs_7
2026-09-28T11:24:56Z [9,857ms] [Warning] [omni.physicsschema.plugin] Non-uniform scale may result in a non matching collision representation on prim: /World/obstacles/obs_11
2026-09-28T11:24:56Z [9,858ms] [Warning] [omni.physicsschema.plugin] Non-uniform scale may result in a non matching collision representation on prim: /World/rocks/rock_0
2026-09-28T11:24:56Z [9,858ms] [Warning] [omni.physicsschema.plugin] Non-uniform scale may result in a non matching collision representation on prim: /World/rocks/rock_1
2026-09-28T11:24:56Z [9,858ms] [Warning] [omni.physicsschema.plugin] Non-uniform scale may result in a non matching collision representation on prim: /World/rocks/rock_2
2026-09-28T11:24:56Z [9,858ms] [Warning] [omni.physicsschema.plugin] Non-uniform scale may result in a non matching collision representation on prim: /World/rocks/rock_3
2026-09-28T11:24:56Z [9,858ms] [Warning] [omni.physicsschema.plugin] Non-uniform scale may result in a non matching collision representation on prim: /World/rocks/rock_4
2026-09-28T11:24:56Z [9,858ms] [Warning] [omni.physicsschema.plugin] Non-uniform scale may result in a non matching collision representation on prim: /World/rocks/rock_5
2026-09-28T11:24:56Z [9,858ms] [Warning] [omni.physicsschema.plugin] Non-uniform scale may result in a non matching collision representation on prim: /World/rocks/rock_6
2026-09-28T11:24:56Z [9,858ms] [Warning] [omni.physicsschema.plugin] Non-uniform scale may result in a non matching collision representation on prim: /World/rocks/rock_7
2026-09-28T11:24:56Z [9,858ms] [Warning] [omni.physicsschema.plugin] Non-uniform scale may result in a non matching collision representation on prim: /World/rocks/rock_8
2026-09-28T11:24:56Z [9,858ms] [Warning] [omni.physicsschema.plugin] Non-uniform scale may result in a non matching collision representation on prim: /World/rocks/rock_9
2026-09-28T11:24:56Z [9,858ms] [Warning] [omni.physicsschema.plugin] Non-uniform scale may result in a non matching collision representation on prim: /World/rocks/rock_10
2026-09-28T11:24:56Z [9,858ms] [Warning] [omni.physicsschema.plugin] Non-uniform scale may result in a non matching collision representation on prim: /World/rocks/rock_11
2026-09-28T11:24:56Z [9,858ms] [Warning] [omni.physicsschema.plugin] Non-uniform scale may result in a non matching collision representation on prim: /World/rocks/rock_12
2026-09-28T11:24:56Z [9,858ms] [Warning] [omni.physicsschema.plugin] Non-uniform scale may result in a non matching collision representation on prim: /World/rocks/rock_13
2026-09-28T11:24:56Z [9,858ms] [Warning] [omni.physicsschema.plugin] Non-uniform scale may result in a non matching collision representation on prim: /World/rocks/rock_14
2026-09-28T11:24:56Z [9,858ms] [Warning] [omni.physicsschema.plugin] Non-uniform scale may result in a non matching collision representation on prim: /World/rocks/rock_15
2026-09-28T11:24:56Z [9,858ms] [Warning] [omni.physicsschema.plugin] Non-uniform scale may result in a non matching collision representation on prim: /World/rocks/rock_16
2026-09-28T11:24:56Z [9,858ms] [Warning] [omni.physicsschema.plugin] Non-uniform scale may result in a non matching collision representation on prim: /World/rocks/rock_17
2026-09-28T11:24:56Z [9,858ms] [Warning] [omni.physicsschema.plugin] Non-uniform scale may result in a non matching collision representation on prim: /World/rocks/rock_18
2026-09-28T11:24:56Z [9,858ms] [Warning] [omni.physicsschema.plugin] Non-uniform scale may result in a non matching collision representation on prim: /World/rocks/rock_19
2026-09-28T11:24:56Z [9,858ms] [Warning] [omni.physicsschema.plugin] Non-uniform scale may result in a non matching collision representation on prim: /World/rocks/rock_20
2026-09-28T11:24:56Z [9,858ms] [Warning] [omni.physicsschema.plugin] Non-uniform scale may result in a non matching collision representation on prim: /World/rocks/rock_21
2026-09-28T11:24:56Z [9,858ms] [Warning] [omni.physicsschema.plugin] Non-uniform scale may result in a non matching collision representation on prim: /World/rocks/rock_22
2026-09-28T11:24:56Z [9,858ms] [Warning] [omni.physicsschema.plugin] Non-uniform scale may result in a non matching collision representation on prim: /World/rocks/rock_23
2026-09-28T11:24:56Z [9,858ms] [Warning] [omni.physicsschema.plugin] Non-uniform scale may result in a non matching collision representation on prim: /World/rocks/rock_24
2026-09-28T11:24:56Z [9,858ms] [Warning] [omni.physicsschema.plugin] Non-uniform scale may result in a non matching collision representation on prim: /World/rocks/rock_25
2026-09-28T11:24:56Z [9,858ms] [Warning] [omni.physicsschema.plugin] Non-uniform scale may result in a non matching collision representation on prim: /World/rocks/rock_26
2026-09-28T11:24:56Z [9,858ms] [Warning] [omni.physicsschema.plugin] Non-uniform scale may result in a non matching collision representation on prim: /World/rocks/rock_27
2026-09-28T11:24:56Z [9,858ms] [Warning] [omni.physicsschema.plugin] Non-uniform scale may result in a non matching collision representation on prim: /World/rocks/rock_28
2026-09-28T11:24:56Z [9,858ms] [Warning] [omni.physicsschema.plugin] Non-uniform scale may result in a non matching collision representation on prim: /World/rocks/rock_29
2026-09-28T11:24:56Z [9,858ms] [Warning] [omni.physicsschema.plugin] Non-uniform scale may result in a non matching collision representation on prim: /World/rocks/rock_30
2026-09-28T11:24:56Z [9,858ms] [Warning] [omni.physicsschema.plugin] Non-uniform scale may result in a non matching collision representation on prim: /World/rocks/rock_31
2026-09-28T11:24:56Z [9,858ms] [Warning] [omni.physicsschema.plugin] Non-uniform scale may result in a non matching collision representation on prim: /World/rocks/rock_32
2026-09-28T11:24:56Z [9,858ms] [Warning] [omni.physicsschema.plugin] Non-uniform scale may result in a non matching collision representation on prim: /World/rocks/rock_33
2026-09-28T11:24:56Z [9,858ms] [Warning] [omni.physicsschema.plugin] Non-uniform scale may result in a non matching collision representation on prim: /World/rocks/rock_34
2026-09-28T11:24:56Z [9,858ms] [Warning] [omni.physicsschema.plugin] Non-uniform scale may result in a non matching collision representation on prim: /World/rocks/rock_35
2026-09-28T11:24:56Z [9,858ms] [Warning] [omni.physicsschema.plugin] Non-uniform scale may result in a non matching collision representation on prim: /World/rocks/rock_36
2026-09-28T11:24:56Z [9,858ms] [Warning] [omni.physicsschema.plugin] Non-uniform scale may result in a non matching collision representation on prim: /World/rocks/rock_37
2026-09-28T11:24:56Z [9,858ms] [Warning] [omni.physicsschema.plugin] Non-uniform scale may result in a non matching collision representation on prim: /World/rocks/rock_38
2026-09-28T11:24:56Z [9,858ms] [Warning] [omni.physicsschema.plugin] Non-uniform scale may result in a non matching collision representation on prim: /World/rocks/rock_39
2026-09-28T11:24:56Z [9,858ms] [Warning] [omni.physicsschema.plugin] Non-uniform scale may result in a non matching collision representation on prim: /World/rocks/rock_40
2026-09-28T11:24:56Z [9,858ms] [Warning] [omni.physicsschema.plugin] Non-uniform scale may result in a non matching collision representation on prim: /World/rocks/rock_41
2026-09-28T11:24:56Z [9,858ms] [Warning] [omni.physicsschema.plugin] Non-uniform scale may result in a non matching collision representation on prim: /World/rocks/rock_42
Starting kit application with the following args:  ['/isaacsim/exts/isaacsim.simulation_app/isaacsim/simulation_app/simulation_app.py', '/isaacsim/apps/isaacsim.exp.base.python.kit', '--/app/tokens/exe-path=/isaacsim/kit', '--/persistent/app/viewport/displayOptions=3094', '--/rtx/materialDb/syncLoads=True', '--/rtx/hydra/materialSyncLoads=True', '--/omni/kit/plugin/syncUsdLoads=True', '--/app/renderer/resolution/width=1280', '--/app/renderer/resolution/height=720', '--/app/window/width=1440', '--/app/window/height=900', '--/renderer/multiGpu/enabled=True', '--/app/fastShutdown=True', '--/app/installSignalHandlers=0', '--ext-folder', '/isaacsim/exts', '--ext-folder', '/isaacsim/apps', '--/physics/cudaDevice=0', '--/plugins/carb.tasking.plugin/threadCount=32', '--/plugins/omni.tbb.globalcontrol/maxThreadCount=32', '--portable', '--no-window', '--/app/window/hideUi=1']
Passing the following args to the base kit application:  ['--headless', '--record', '/home/qbotix-rover/sih_ws/mission_recordings/report_1654', '--ffmpeg', '/home/qbotix-rover/sih_ws/.demoenv/lib/python3.12/site-packages/imageio_ffmpeg/binaries/ffmpeg-linux-x86_64-v7.0.2', '--rec-size', '1920x1080']
Warp 1.13.0 initialized:
   CUDA Toolkit 12.9, Driver 13.2
   Devices:
     "cpu"      : "x86_64"
     "cuda:0"   : "NVIDIA GeForce RTX 4090" (22 GiB, sm_89, mempool enabled)
   Kernel cache:
     /home/qbotix-rover/.cache/warp/1.13.0
Opening usd file at  /home/qbotix-rover/sih_ws/src/sih_isaac/usd/sih26126_world.usd  ...Done.
[sim] base=/World/sih_rover/Geometry/base_link
[sim] cam=/World/sih_rover/Geometry/base_link/camera_link/zed_camera
[sim] articulation root=/World/sih_rover/Geometry/base_link
[sim] lidar=/World/sih_rover/Geometry/base_link/rtx_lidar
[sim] dofs: ['wheel_fl_joint', 'wheel_fr_joint', 'wheel_rl_joint', 'wheel_rr_joint']
[sim] recording behind/side/top views at 1920x1080 @15fps -> /home/qbotix-rover/sih_ws/mission_recordings/report_1654
[sim] running -- waiting for /cmd_vel
[sim] t=    0.1s cmd=(+0.00,+0.00) gt=( -62.00, +16.00) odom=( -62.00, +16.00)
2026-09-28T11:24:56Z [9,858ms] [Warning] [omni.physicsschema.plugin] Non-uniform scale may result in a non matching collision representation on prim: /World/rocks/rock_43
2026-09-28T11:24:56Z [9,858ms] [Warning] [omni.physicsschema.plugin] Non-uniform scale may result in a non matching collision representation on prim: /World/rocks/rock_44
2026-09-28T11:24:56Z [9,858ms] [Warning] [omni.physicsschema.plugin] Non-uniform scale may result in a non matching collision representation on prim: /World/rocks/rock_45
2026-09-28T11:24:56Z [9,858ms] [Warning] [omni.physicsschema.plugin] Non-uniform scale may result in a non matching collision representation on prim: /World/rocks/rock_46
2026-09-28T11:24:56Z [9,858ms] [Warning] [omni.physicsschema.plugin] Non-uniform scale may result in a non matching collision representation on prim: /World/rocks/rock_47
2026-09-28T11:24:56Z [9,858ms] [Warning] [omni.physicsschema.plugin] Non-uniform scale may result in a non matching collision representation on prim: /World/rocks/rock_48
2026-09-28T11:24:56Z [9,858ms] [Warning] [omni.physicsschema.plugin] Non-uniform scale may result in a non matching collision representation on prim: /World/rocks/rock_49
2026-09-28T11:24:56Z [9,858ms] [Warning] [omni.physicsschema.plugin] Non-uniform scale may result in a non matching collision representation on prim: /World/rocks/rock_50
2026-09-28T11:24:56Z [9,858ms] [Warning] [omni.physicsschema.plugin] Non-uniform scale may result in a non matching collision representation on prim: /World/rocks/rock_51
2026-09-28T11:24:56Z [9,858ms] [Warning] [omni.physicsschema.plugin] Non-uniform scale may result in a non matching collision representation on prim: /World/rocks/rock_52
2026-09-28T11:24:56Z [9,858ms] [Warning] [omni.physicsschema.plugin] Non-uniform scale may result in a non matching collision representation on prim: /World/rocks/rock_53
2026-09-28T11:24:56Z [9,858ms] [Warning] [omni.physicsschema.plugin] Non-uniform scale may result in a non matching collision representation on prim: /World/rocks/rock_54
2026-09-28T11:24:56Z [9,858ms] [Warning] [omni.physicsschema.plugin] Non-uniform scale may result in a non matching collision representation on prim: /World/rocks/rock_55
2026-09-28T11:24:56Z [9,858ms] [Warning] [omni.physicsschema.plugin] Non-uniform scale may result in a non matching collision representation on prim: /World/rocks/rock_56
2026-09-28T11:24:56Z [9,858ms] [Warning] [omni.physicsschema.plugin] Non-uniform scale may result in a non matching collision representation on prim: /World/rocks/rock_57
2026-09-28T11:24:56Z [9,858ms] [Warning] [omni.physicsschema.plugin] Non-uniform scale may result in a non matching collision representation on prim: /World/rocks/rock_58
2026-09-28T11:24:56Z [9,858ms] [Warning] [omni.physicsschema.plugin] Non-uniform scale may result in a non matching collision representation on prim: /World/rocks/rock_59
2026-09-28T11:24:57Z [10,430ms] [Warning] [isaacsim.ros2.nodes] [ROS2 Publish Joint State] Reading from targetPrim is deprecated. Connect an Isaac Read Joint State node and use its outputs instead.
2026-09-28T11:24:57Z [10,432ms] [Warning] [isaacsim.ros2.core.impl.camera_info_utils] Forcing fy to fx (259.1152515719963 != 259.1152541925489) when computing CameraInfo, as renderer assumes square pixels.
2026-09-28T11:24:57Z [10,432ms] [Warning] [isaacsim.ros2.nodes.ogn.python.nodes.OgnROS2RtxLidarHelper] fullScan is deprecated. RTX Lidar now always produces full scans via accumulateOutputs. This setting is ignored.
2026-09-28T11:24:57Z [10,547ms] [Warning] [rtx.rtxsensor.plugin] Multi-tick is enabled but motion BVH is not active. This is not supported.
2026-09-28T11:24:57Z [10,547ms] [Warning] [rtx.sensors.lidar.core.plugin] MotionBVH for lidar model not enabled. This will result in an incorrect point cloud without motion effects!
2026-09-28T11:24:57Z [10,552ms] [Warning] [omni.rtx] DLSS increasing input dimensions: Render resolution of (320, 180) is below minimal input resolution of 300.
2026-09-28T11:24:57Z [11,012ms] [Warning] [omni.syntheticdata.plugin] OgnSdPostRenderVarToHost : rendervar copy from texture directly to host buffer is counter-performant. Please use copy from texture to device buffer first.
2026-09-28T11:24:57Z [11,023ms] [Warning] [omni.syntheticdata.plugin] SdRenderVarPtr missing valid input renderVar LdrColorSDhost
2026-09-28T11:24:57Z [11,023ms] [Warning] [omni.timeline.plugin] Deprecated: direct use of ITimeline callbacks is deprecated. Use ITimeline::getTimeline (Python: omni.timeline.get_timeline_interface) instead.
[sim] t=    5.1s cmd=(+0.00,+0.00) gt=( -61.99, +16.00) odom=( -61.99, +16.00)
[sim] t=   10.1s cmd=(+0.00,+0.00) gt=( -61.99, +16.00) odom=( -61.98, +16.00)
[sim] t=   15.1s cmd=(+0.00,+0.00) gt=( -61.99, +16.00) odom=( -61.98, +16.00)
[sim] t=   20.1s cmd=(+0.00,+0.00) gt=( -61.99, +16.00) odom=( -61.98, +16.00)
[sim] t=   25.1s cmd=(+0.00,+0.00) gt=( -61.99, +16.00) odom=( -61.98, +16.00)
[sim] t=   30.1s cmd=(+0.00,+0.00) gt=( -61.99, +16.00) odom=( -61.97, +16.00)
[sim] t=   35.1s cmd=(+0.00,+0.00) gt=( -61.99, +16.00) odom=( -61.97, +16.00)
[sim] t=   40.1s cmd=(+0.00,+0.00) gt=( -61.99, +16.00) odom=( -61.97, +16.00)
[sim] t=   45.1s cmd=(+0.00,+0.00) gt=( -61.99, +16.00) odom=( -61.97, +16.00)
[sim] t=   50.1s cmd=(+0.00,+0.00) gt=( -61.99, +16.00) odom=( -61.96, +16.00)
[sim] t=   55.1s cmd=(+0.00,+0.00) gt=( -61.99, +16.00) odom=( -61.96, +16.01)
[sim] t=   60.1s cmd=(+0.00,+0.00) gt=( -61.99, +16.00) odom=( -61.96, +16.01)
[sim] t=   65.1s cmd=(+0.00,+0.00) gt=( -61.99, +16.00) odom=( -61.96, +16.01)
[sim] t=   70.1s cmd=(+0.00,+0.00) gt=( -61.99, +16.00) odom=( -61.95, +16.01)
[sim] t=   75.1s cmd=(+0.00,+0.00) gt=( -61.99, +16.00) odom=( -61.95, +16.01)
[sim] t=   80.1s cmd=(+0.00,+0.00) gt=( -61.99, +16.00) odom=( -61.95, +16.01)
[sim] t=   85.1s cmd=(+0.00,+0.00) gt=( -61.99, +16.00) odom=( -61.95, +16.01)
[sim] t=   90.1s cmd=(+0.00,+0.00) gt=( -61.99, +16.00) odom=( -61.94, +16.01)
[sim] t=   95.1s cmd=(+0.00,+0.00) gt=( -61.99, +16.00) odom=( -61.94, +16.01)
[sim] t=  100.1s cmd=(+0.00,+0.00) gt=( -61.99, +16.00) odom=( -61.94, +16.01)
[sim] t=  105.1s cmd=(+0.00,+0.00) gt=( -61.99, +16.00) odom=( -61.94, +16.01)
[sim] t=  110.1s cmd=(+0.00,+0.00) gt=( -61.99, +16.00) odom=( -61.93, +16.01)
[sim] t=  115.1s cmd=(+0.00,+0.00) gt=( -61.99, +16.00) odom=( -61.93, +16.01)
[sim] t=  120.1s cmd=(+0.00,+0.00) gt=( -61.99, +16.00) odom=( -61.93, +16.01)
[sim] t=  125.1s cmd=(+0.00,+0.00) gt=( -61.99, +16.00) odom=( -61.93, +16.01)
[sim] t=  130.1s cmd=(+0.00,+0.00) gt=( -61.99, +16.00) odom=( -61.92, +16.01)
[sim] t=  135.1s cmd=(+0.00,+0.00) gt=( -61.99, +16.00) odom=( -61.92, +16.01)
[sim] t=  140.1s cmd=(+0.00,+0.00) gt=( -61.99, +16.00) odom=( -61.92, +16.01)
[sim] t=  145.1s cmd=(+0.00,+0.00) gt=( -61.99, +16.00) odom=( -61.92, +16.01)
[sim] t=  150.1s cmd=(+0.00,+0.00) gt=( -61.99, +16.00) odom=( -61.92, +16.01)
[sim] t=  155.1s cmd=(+0.00,+0.00) gt=( -61.99, +16.00) odom=( -61.91, +16.01)
[sim] t=  160.1s cmd=(+0.00,+0.00) gt=( -61.99, +16.00) odom=( -61.91, +16.01)
[sim] t=  165.1s cmd=(+0.00,+0.00) gt=( -61.99, +16.00) odom=( -61.91, +16.01)
[sim] t=  170.1s cmd=(+0.00,+0.00) gt=( -61.99, +16.00) odom=( -61.91, +16.01)
[sim] t=  175.1s cmd=(+0.00,+0.00) gt=( -61.99, +16.00) odom=( -61.90, +16.01)
[sim] t=  180.1s cmd=(+0.00,+0.00) gt=( -61.99, +16.00) odom=( -61.90, +16.01)
[sim] t=  185.1s cmd=(+0.00,+0.00) gt=( -61.99, +16.00) odom=( -61.90, +16.01)
[sim] t=  190.1s cmd=(+0.00,+0.00) gt=( -61.99, +16.00) odom=( -61.90, +16.01)
[sim] t=  195.1s cmd=(+0.00,+0.00) gt=( -61.99, +16.00) odom=( -61.89, +16.01)
[sim] t=  200.1s cmd=(+0.00,+0.00) gt=( -61.99, +16.00) odom=( -61.89, +16.01)
[sim] t=  205.1s cmd=(+0.00,+0.00) gt=( -61.99, +16.00) odom=( -61.89, +16.01)
[sim] t=  210.1s cmd=(+0.00,+0.00) gt=( -61.99, +16.00) odom=( -61.89, +16.01)
[sim] t=  215.1s cmd=(+0.00,+0.00) gt=( -61.99, +16.00) odom=( -61.88, +16.02)
[sim] t=  220.1s cmd=(+0.00,+0.00) gt=( -61.99, +16.00) odom=( -61.88, +16.02)
[sim] t=  225.1s cmd=(+0.00,+0.00) gt=( -61.99, +16.00) odom=( -61.88, +16.02)
[sim] t=  230.1s cmd=(+0.00,+0.00) gt=( -61.99, +16.00) odom=( -61.88, +16.02)
[sim] t=  235.1s cmd=(+0.00,+0.00) gt=( -61.99, +16.00) odom=( -61.87, +16.02)
[sim] t=  240.1s cmd=(+0.00,+0.00) gt=( -61.99, +16.00) odom=( -61.87, +16.02)
[sim] t=  245.1s cmd=(+0.00,+0.00) gt=( -61.99, +16.00) odom=( -61.87, +16.02)
[sim] t=  250.1s cmd=(+0.00,+0.00) gt=( -61.99, +16.00) odom=( -61.87, +16.02)
[sim] t=  255.1s cmd=(+0.00,+0.00) gt=( -61.99, +16.00) odom=( -61.86, +16.02)
[sim] t=  260.1s cmd=(+0.00,+0.00) gt=( -61.99, +16.00) odom=( -61.86, +16.02)
[sim] t=  265.1s cmd=(+0.00,+0.00) gt=( -61.99, +16.00) odom=( -61.86, +16.02)
[sim] t=  270.1s cmd=(+0.00,+0.00) gt=( -61.99, +16.00) odom=( -61.86, +16.02)
[sim] t=  275.1s cmd=(+0.00,+0.00) gt=( -61.99, +16.00) odom=( -61.85, +16.02)
[sim] t=  280.1s cmd=(+0.00,+0.00) gt=( -61.99, +16.00) odom=( -61.85, +16.02)
[sim] t=  285.1s cmd=(+0.26,+0.26) gt=( -61.67, +16.23) odom=( -61.51, +16.15)
[sim] t=  290.1s cmd=(+0.22,+0.09) gt=( -61.23, +16.69) odom=( -61.10, +16.61)
[sim] t=  295.1s cmd=(+0.33,-0.02) gt=( -60.56, +17.83) odom=( -60.57, +17.82)
[sim] t=  300.1s cmd=(+0.38,+0.00) gt=( -59.63, +19.40) odom=( -59.83, +19.49)
[sim] t=  305.1s cmd=(+0.40,-0.02) gt=( -58.64, +21.08) odom=( -59.03, +21.28)
[sim] t=  310.1s cmd=(+0.33,-0.06) gt=( -57.65, +22.74) odom=( -58.23, +23.04)
[sim] t=  315.1s cmd=(+0.41,+0.02) gt=( -56.65, +24.42) odom=( -57.43, +24.82)
[sim] t=  320.1s cmd=(+0.37,-0.01) gt=( -55.66, +26.07) odom=( -56.65, +26.58)
[sim] t=  325.1s cmd=(+0.41,-0.07) gt=( -54.68, +27.70) odom=( -55.88, +28.32)
[sim] t=  330.1s cmd=(+0.42,-0.04) gt=( -53.53, +29.57) odom=( -54.93, +30.29)
[sim] t=  335.1s cmd=(+0.24,-0.10) gt=( -52.64, +30.99) odom=( -54.18, +31.77)
[sim] t=  340.1s cmd=(-0.05,-0.13) gt=( -53.11, +31.31) odom=( -54.55, +31.83)
[sim] t=  345.1s cmd=(+0.17,+0.05) gt=( -52.84, +31.32) odom=( -54.31, +31.76)
[sim] t=  350.1s cmd=(+0.14,+0.08) gt=( -52.21, +31.25) odom=( -53.73, +31.62)
[sim] t=  355.1s cmd=(+0.06,+0.04) gt=( -52.44, +31.02) odom=( -53.99, +31.44)
[sim] t=  360.1s cmd=(+0.29,-0.03) gt=( -51.60, +31.72) odom=( -53.18, +32.19)
[sim] t=  365.1s cmd=(+0.34,+0.12) gt=( -50.39, +32.72) odom=( -52.04, +33.27)
[sim] t=  370.1s cmd=(-0.02,+0.15) gt=( -50.66, +33.01) odom=( -52.21, +33.63)
[sim] t=  375.1s cmd=(-0.12,-0.27) gt=( -50.56, +32.88) odom=( -52.15, +33.68)
[sim] t=  380.1s cmd=(+0.08,+0.03) gt=( -51.13, +32.98) odom=( -52.57, +33.89)
[sim] t=  385.1s cmd=(+0.18,+0.34) gt=( -50.57, +32.79) odom=( -52.00, +33.68)
[sim] t=  390.1s cmd=(-0.16,+0.27) gt=( -50.35, +33.34) odom=( -51.93, +34.14)
[sim] t=  395.1s cmd=(-0.05,-0.04) gt=( -49.83, +33.60) odom=( -51.54, +34.54)
[sim] t=  400.1s cmd=(-0.10,-0.15) gt=( -49.79, +33.55) odom=( -51.50, +34.50)
[sim] t=  405.1s cmd=(+0.13,+0.03) gt=( -49.13, +33.35) odom=( -50.89, +34.39)
[sim] t=  410.1s cmd=(+0.18,+0.08) gt=( -49.41, +33.98) odom=( -51.36, +34.83)
[sim] t=  415.1s cmd=(+0.00,+0.00) gt=( -49.66, +34.18) odom=( -51.59, +34.99)
[sim] t=  420.1s cmd=(+0.00,+0.00) gt=( -49.66, +34.18) odom=( -51.59, +34.99)
